This is pdfTeX, Version 3.141592653-2.6-1.40.22 (TeX Live 2022/dev/Debian) (preloaded format=pdflatex 2026.6.11)  29 JUN 2026 15:15
entering extended mode
 restricted \write18 enabled.
 %&-line parsing enabled.
**Main.tex
(./Main.tex
LaTeX2e <2021-11-15> patch level 1
L3 programming layer <2022-01-21>
(/usr/share/texlive/texmf-dist/tex/latex/base/report.cls
Document Class: report 2021/10/04 v1.4n Standard LaTeX document class
(/usr/share/texlive/texmf-dist/tex/latex/base/size12.clo
File: size12.clo 2021/10/04 v1.4n Standard LaTeX file (size option)
)
\c@part=\count185
\c@chapter=\count186
\c@section=\count187
\c@subsection=\count188
\c@subsubsection=\count189
\c@paragraph=\count190
\c@subparagraph=\count191
\c@figure=\count192
\c@table=\count193
\abovecaptionskip=\skip47
\belowcaptionskip=\skip48
\bibindent=\dimen138
)
(/usr/share/texlive/texmf-dist/tex/latex/base/inputenc.sty
Package: inputenc 2021/02/14 v1.3d Input encoding file
\inpenc@prehook=\toks16
\inpenc@posthook=\toks17
)
(/usr/share/texlive/texmf-dist/tex/latex/base/fontenc.sty
Package: fontenc 2021/04/29 v2.0v Standard LaTeX package
)
(/usr/share/texlive/texmf-dist/tex/generic/babel/babel.sty
Package: babel 2022/01/26 3.70 The Babel package
\babel@savecnt=\count194
\U@D=\dimen139
\l@unhyphenated=\language87

(/usr/share/texlive/texmf-dist/tex/generic/babel/txtbabel.def)
\bbl@readstream=\read2
\bbl@dirlevel=\count195

(/usr/share/texlive/texmf-dist/tex/generic/babel-spanish/spanish.ldf
Language: spanish.ldf 2021/05/27 v5.0q Spanish support from the babel system
\es@quottoks=\toks18
\es@quotdepth=\count196
Package babel Info: Making " an active character on input line 570.
Package babel Info: Making < an active character on input line 722.
Package babel Info: Making > an active character on input line 722.
))
(/usr/share/texlive/texmf-dist/tex/latex/psnfss/mathptmx.sty
Package: mathptmx 2020/03/25 PSNFSS-v9.3 Times w/ Math, improved (SPQR, WaS) 
LaTeX Font Info:    Redeclaring symbol font `operators' on input line 28.
LaTeX Font Info:    Overwriting symbol font `operators' in version `normal'
(Font)                  OT1/cmr/m/n --> OT1/ztmcm/m/n on input line 28.
LaTeX Font Info:    Overwriting symbol font `operators' in version `bold'
(Font)                  OT1/cmr/bx/n --> OT1/ztmcm/m/n on input line 28.
LaTeX Font Info:    Redeclaring symbol font `letters' on input line 29.
LaTeX Font Info:    Overwriting symbol font `letters' in version `normal'
(Font)                  OML/cmm/m/it --> OML/ztmcm/m/it on input line 29.
LaTeX Font Info:    Overwriting symbol font `letters' in version `bold'
(Font)                  OML/cmm/b/it --> OML/ztmcm/m/it on input line 29.
LaTeX Font Info:    Redeclaring symbol font `symbols' on input line 30.
LaTeX Font Info:    Overwriting symbol font `symbols' in version `normal'
(Font)                  OMS/cmsy/m/n --> OMS/ztmcm/m/n on input line 30.
LaTeX Font Info:    Overwriting symbol font `symbols' in version `bold'
(Font)                  OMS/cmsy/b/n --> OMS/ztmcm/m/n on input line 30.
LaTeX Font Info:    Redeclaring symbol font `largesymbols' on input line 31.
LaTeX Font Info:    Overwriting symbol font `largesymbols' in version `normal'
(Font)                  OMX/cmex/m/n --> OMX/ztmcm/m/n on input line 31.
LaTeX Font Info:    Overwriting symbol font `largesymbols' in version `bold'
(Font)                  OMX/cmex/m/n --> OMX/ztmcm/m/n on input line 31.
\symbold=\mathgroup4
\symitalic=\mathgroup5
LaTeX Font Info:    Redeclaring math alphabet \mathbf on input line 34.
LaTeX Font Info:    Overwriting math alphabet `\mathbf' in version `normal'
(Font)                  OT1/cmr/bx/n --> OT1/ptm/bx/n on input line 34.
LaTeX Font Info:    Overwriting math alphabet `\mathbf' in version `bold'
(Font)                  OT1/cmr/bx/n --> OT1/ptm/bx/n on input line 34.
LaTeX Font Info:    Redeclaring math alphabet \mathit on input line 35.
LaTeX Font Info:    Overwriting math alphabet `\mathit' in version `normal'
(Font)                  OT1/cmr/m/it --> OT1/ptm/m/it on input line 35.
LaTeX Font Info:    Overwriting math alphabet `\mathit' in version `bold'
(Font)                  OT1/cmr/bx/it --> OT1/ptm/m/it on input line 35.
LaTeX Info: Redefining \hbar on input line 50.
)
(/usr/share/texlive/texmf-dist/tex/latex/psnfss/helvet.sty
Package: helvet 2020/03/25 PSNFSS-v9.3 (WaS) 

(/usr/share/texlive/texmf-dist/tex/latex/graphics/keyval.sty
Package: keyval 2014/10/28 v1.15 key=value parser (DPC)
\KV@toks@=\toks19
))
(/usr/share/texlive/texmf-dist/tex/latex/psnfss/courier.sty
Package: courier 2020/03/25 PSNFSS-v9.3 (WaS) 
)
(/usr/share/texlive/texmf-dist/tex/latex/microtype/microtype.sty
Package: microtype 2021/12/10 v3.0b Micro-typographical refinements (RS)

(/usr/share/texlive/texmf-dist/tex/latex/etoolbox/etoolbox.sty
Package: etoolbox 2020/10/05 v2.5k e-TeX tools for LaTeX (JAW)
\etb@tempcnta=\count197
)
\MT@toks=\toks20
\MT@count=\count198
\MT@tempbox=\box50
LaTeX Info: Redefining \leftprotrusion on input line 1010.
LaTeX Info: Redefining \rightprotrusion on input line 1018.
LaTeX Info: Redefining \textls on input line 1173.
\MT@outer@kern=\dimen140
LaTeX Info: Redefining \textmicrotypecontext on input line 1759.
\MT@listname@count=\count199

(/usr/share/texlive/texmf-dist/tex/latex/microtype/microtype-pdftex.def
File: microtype-pdftex.def 2021/12/10 v3.0b Definitions specific to pdftex (RS)

LaTeX Info: Redefining \lsstyle on input line 897.
LaTeX Info: Redefining \lslig on input line 897.
\MT@outer@space=\skip49
)
Package microtype Info: Loading configuration file microtype.cfg.

(/usr/share/texlive/texmf-dist/tex/latex/microtype/microtype.cfg
File: microtype.cfg 2021/12/10 v3.0b microtype main configuration file (RS)
))
(/usr/share/texlive/texmf-dist/tex/latex/base/textcomp.sty
Package: textcomp 2020/02/02 v2.0n Standard LaTeX package
)
(/usr/share/texlive/texmf-dist/tex/latex/geometry/geometry.sty
Package: geometry 2020/01/02 v5.9 Page Geometry

(/usr/share/texlive/texmf-dist/tex/generic/iftex/ifvtex.sty
Package: ifvtex 2019/10/25 v1.7 ifvtex legacy package. Use iftex instead.

(/usr/share/texlive/texmf-dist/tex/generic/iftex/iftex.sty
Package: iftex 2020/03/06 v1.0d TeX engine tests
))
\Gm@cnth=\count266
\Gm@cntv=\count267
\c@Gm@tempcnt=\count268
\Gm@bindingoffset=\dimen141
\Gm@wd@mp=\dimen142
\Gm@odd@mp=\dimen143
\Gm@even@mp=\dimen144
\Gm@layoutwidth=\dimen145
\Gm@layoutheight=\dimen146
\Gm@layouthoffset=\dimen147
\Gm@layoutvoffset=\dimen148
\Gm@dimlist=\toks21
)
(/usr/share/texlive/texmf-dist/tex/latex/setspace/setspace.sty
Package: setspace 2011/12/19 v6.7a set line spacing
)
(/usr/share/texlive/texmf-dist/tex/latex/fancyhdr/fancyhdr.sty
Package: fancyhdr 2021/01/28 v4.0.1 Extensive control of page headers and foote
rs
\f@nch@headwidth=\skip50
\f@nch@O@elh=\skip51
\f@nch@O@erh=\skip52
\f@nch@O@olh=\skip53
\f@nch@O@orh=\skip54
\f@nch@O@elf=\skip55
\f@nch@O@erf=\skip56
\f@nch@O@olf=\skip57
\f@nch@O@orf=\skip58
)
(/usr/share/texlive/texmf-dist/tex/latex/amsmath/amsmath.sty
Package: amsmath 2021/10/15 v2.17l AMS math features
\@mathmargin=\skip59

For additional information on amsmath, use the `?' option.
(/usr/share/texlive/texmf-dist/tex/latex/amsmath/amstext.sty
Package: amstext 2021/08/26 v2.01 AMS text

(/usr/share/texlive/texmf-dist/tex/latex/amsmath/amsgen.sty
File: amsgen.sty 1999/11/30 v2.0 generic functions
\@emptytoks=\toks22
\ex@=\dimen149
))
(/usr/share/texlive/texmf-dist/tex/latex/amsmath/amsbsy.sty
Package: amsbsy 1999/11/29 v1.2d Bold Symbols
\pmbraise@=\dimen150
)
(/usr/share/texlive/texmf-dist/tex/latex/amsmath/amsopn.sty
Package: amsopn 2021/08/26 v2.02 operator names
)
\inf@bad=\count269
LaTeX Info: Redefining \frac on input line 234.
\uproot@=\count270
\leftroot@=\count271
LaTeX Info: Redefining \overline on input line 399.
\classnum@=\count272
\DOTSCASE@=\count273
LaTeX Info: Redefining \ldots on input line 496.
LaTeX Info: Redefining \dots on input line 499.
LaTeX Info: Redefining \cdots on input line 620.
\Mathstrutbox@=\box51
\strutbox@=\box52
\big@size=\dimen151
LaTeX Font Info:    Redeclaring font encoding OML on input line 743.
LaTeX Font Info:    Redeclaring font encoding OMS on input line 744.
\macc@depth=\count274
\c@MaxMatrixCols=\count275
\dotsspace@=\muskip16
\c@parentequation=\count276
\dspbrk@lvl=\count277
\tag@help=\toks23
\row@=\count278
\column@=\count279
\maxfields@=\count280
\andhelp@=\toks24
\eqnshift@=\dimen152
\alignsep@=\dimen153
\tagshift@=\dimen154
\tagwidth@=\dimen155
\totwidth@=\dimen156
\lineht@=\dimen157
\@envbody=\toks25
\multlinegap=\skip60
\multlinetaggap=\skip61
\mathdisplay@stack=\toks26
LaTeX Info: Redefining \[ on input line 2938.
LaTeX Info: Redefining \] on input line 2939.
)
(/usr/share/texlive/texmf-dist/tex/latex/amsfonts/amssymb.sty
Package: amssymb 2013/01/14 v3.01 AMS font symbols

(/usr/share/texlive/texmf-dist/tex/latex/amsfonts/amsfonts.sty
Package: amsfonts 2013/01/14 v3.01 Basic AMSFonts support
\symAMSa=\mathgroup6
\symAMSb=\mathgroup7
LaTeX Font Info:    Overwriting math alphabet `\mathfrak' in version `bold'
(Font)                  U/euf/m/n --> U/euf/b/n on input line 106.
))
(/usr/share/texlive/texmf-dist/tex/latex/amscls/amsthm.sty
Package: amsthm 2020/05/29 v2.20.6
\thm@style=\toks27
\thm@bodyfont=\toks28
\thm@headfont=\toks29
\thm@notefont=\toks30
\thm@headpunct=\toks31
\thm@preskip=\skip62
\thm@postskip=\skip63
\thm@headsep=\skip64
\dth@everypar=\toks32
)
(/usr/share/texlive/texmf-dist/tex/latex/mathtools/mathtools.sty
Package: mathtools 2021/02/02 v1.28 mathematical typesetting tools

(/usr/share/texlive/texmf-dist/tex/latex/tools/calc.sty
Package: calc 2017/05/25 v4.3 Infix arithmetic (KKT,FJ)
\calc@Acount=\count281
\calc@Bcount=\count282
\calc@Adimen=\dimen158
\calc@Bdimen=\dimen159
\calc@Askip=\skip65
\calc@Bskip=\skip66
LaTeX Info: Redefining \setlength on input line 80.
LaTeX Info: Redefining \addtolength on input line 81.
\calc@Ccount=\count283
\calc@Cskip=\skip67
)
(/usr/share/texlive/texmf-dist/tex/latex/mathtools/mhsetup.sty
Package: mhsetup 2021/03/18 v1.4 programming setup (MH)
)
\g_MT_multlinerow_int=\count284
\l_MT_multwidth_dim=\dimen160
\origjot=\skip68
\l_MT_shortvdotswithinadjustabove_dim=\dimen161
\l_MT_shortvdotswithinadjustbelow_dim=\dimen162
\l_MT_above_intertext_sep=\dimen163
\l_MT_below_intertext_sep=\dimen164
\l_MT_above_shortintertext_sep=\dimen165
\l_MT_below_shortintertext_sep=\dimen166
\xmathstrut@box=\box53
\xmathstrut@dim=\dimen167
)
(/usr/share/texlive/texmf-dist/tex/latex/csquotes/csquotes.sty
Package: csquotes 2021-02-22 v5.2l context-sensitive quotations (JAW)
\csq@reset=\count285
\csq@gtype=\count286
\csq@glevel=\count287
\csq@qlevel=\count288
\csq@maxlvl=\count289
\csq@tshold=\count290
\csq@ltx@everypar=\toks33

(/usr/share/texlive/texmf-dist/tex/latex/csquotes/csquotes.def
File: csquotes.def 2021-02-22 v5.2l csquotes generic definitions (JAW)
)
Package csquotes Info: Trying to load configuration file 'csquotes.cfg'...
Package csquotes Info: ... configuration file loaded successfully.

(/usr/share/texlive/texmf-dist/tex/latex/csquotes/csquotes.cfg
File: csquotes.cfg 
))
(/usr/share/texlive/texmf-dist/tex/latex/graphics/graphicx.sty
Package: graphicx 2021/09/16 v1.2d Enhanced LaTeX Graphics (DPC,SPQR)

(/usr/share/texlive/texmf-dist/tex/latex/graphics/graphics.sty
Package: graphics 2021/03/04 v1.4d Standard LaTeX Graphics (DPC,SPQR)

(/usr/share/texlive/texmf-dist/tex/latex/graphics/trig.sty
Package: trig 2021/08/11 v1.11 sin cos tan (DPC)
)
(/usr/share/texlive/texmf-dist/tex/latex/graphics-cfg/graphics.cfg
File: graphics.cfg 2016/06/04 v1.11 sample graphics configuration
)
Package graphics Info: Driver file: pdftex.def on input line 107.

(/usr/share/texlive/texmf-dist/tex/latex/graphics-def/pdftex.def
File: pdftex.def 2020/10/05 v1.2a Graphics/color driver for pdftex
))
\Gin@req@height=\dimen168
\Gin@req@width=\dimen169
)
(/usr/share/texlive/texmf-dist/tex/latex/float/float.sty
Package: float 2001/11/08 v1.3d Float enhancements (AL)
\c@float@type=\count291
\float@exts=\toks34
\float@box=\box54
\@float@everytoks=\toks35
\@floatcapt=\box55
)
(/usr/share/texlive/texmf-dist/tex/latex/booktabs/booktabs.sty
Package: booktabs 2020/01/12 v1.61803398 Publication quality tables
\heavyrulewidth=\dimen170
\lightrulewidth=\dimen171
\cmidrulewidth=\dimen172
\belowrulesep=\dimen173
\belowbottomsep=\dimen174
\aboverulesep=\dimen175
\abovetopsep=\dimen176
\cmidrulesep=\dimen177
\cmidrulekern=\dimen178
\defaultaddspace=\dimen179
\@cmidla=\count292
\@cmidlb=\count293
\@aboverulesep=\dimen180
\@belowrulesep=\dimen181
\@thisruleclass=\count294
\@lastruleclass=\count295
\@thisrulewidth=\dimen182
)
(/usr/share/texlive/texmf-dist/tex/latex/multirow/multirow.sty
Package: multirow 2021/03/15 v2.8 Span multiple rows of a table
\multirow@colwidth=\skip69
\multirow@cntb=\count296
\multirow@dima=\skip70
\bigstrutjot=\dimen183
)
(/usr/share/texlive/texmf-dist/tex/latex/makecell/makecell.sty
Package: makecell 2009/08/03 V0.1e Managing of Tab Column Heads and Cells

(/usr/share/texlive/texmf-dist/tex/latex/tools/array.sty
Package: array 2021/10/04 v2.5f Tabular extension package (FMi)
\col@sep=\dimen184
\ar@mcellbox=\box56
\extrarowheight=\dimen185
\NC@list=\toks36
\extratabsurround=\skip71
\backup@length=\skip72
\ar@cellbox=\box57
)
\rotheadsize=\dimen186
\c@nlinenum=\count297
\TeXr@lab=\toks37
)
(/usr/share/texlive/texmf-dist/tex/latex/caption/subcaption.sty
Package: subcaption 2020/10/07 v1.3j Sub-captions (AR)

(/usr/share/texlive/texmf-dist/tex/latex/caption/caption.sty
Package: caption 2020/10/26 v3.5g Customizing captions (AR)

(/usr/share/texlive/texmf-dist/tex/latex/caption/caption3.sty
Package: caption3 2020/10/21 v2.2e caption3 kernel (AR)
\captionmargin=\dimen187
\captionmargin@=\dimen188
\captionwidth=\dimen189
\caption@tempdima=\dimen190
\caption@indent=\dimen191
\caption@parindent=\dimen192
\caption@hangindent=\dimen193
Package caption Info: Standard document class detected.
)
\c@caption@flags=\count298
\c@continuedfloat=\count299
Package caption Info: float package is loaded.
)
\c@subfigure=\count300
\c@subtable=\count301
)
(/usr/share/texlive/texmf-dist/tex/latex/xcolor/xcolor.sty
Package: xcolor 2021/10/31 v2.13 LaTeX color extensions (UK)

(/usr/share/texlive/texmf-dist/tex/latex/graphics-cfg/color.cfg
File: color.cfg 2016/01/02 v1.6 sample color configuration
)
Package xcolor Info: Driver file: pdftex.def on input line 227.
Package xcolor Info: Model `cmy' substituted by `cmy0' on input line 1352.
Package xcolor Info: Model `hsb' substituted by `rgb' on input line 1356.
Package xcolor Info: Model `RGB' extended on input line 1368.
Package xcolor Info: Model `HTML' substituted by `rgb' on input line 1370.
Package xcolor Info: Model `Hsb' substituted by `hsb' on input line 1371.
Package xcolor Info: Model `tHsb' substituted by `hsb' on input line 1372.
Package xcolor Info: Model `HSB' substituted by `hsb' on input line 1373.
Package xcolor Info: Model `Gray' substituted by `gray' on input line 1374.
Package xcolor Info: Model `wave' substituted by `hsb' on input line 1375.
)
(/usr/share/texlive/texmf-dist/tex/latex/pgf/frontendlayer/tikz.sty
(/usr/share/texlive/texmf-dist/tex/latex/pgf/basiclayer/pgf.sty
(/usr/share/texlive/texmf-dist/tex/latex/pgf/utilities/pgfrcs.sty
(/usr/share/texlive/texmf-dist/tex/generic/pgf/utilities/pgfutil-common.tex
\pgfutil@everybye=\toks38
\pgfutil@tempdima=\dimen194
\pgfutil@tempdimb=\dimen195

(/usr/share/texlive/texmf-dist/tex/generic/pgf/utilities/pgfutil-common-lists.t
ex)) (/usr/share/texlive/texmf-dist/tex/generic/pgf/utilities/pgfutil-latex.def
\pgfutil@abb=\box58
) (/usr/share/texlive/texmf-dist/tex/generic/pgf/utilities/pgfrcs.code.tex
(/usr/share/texlive/texmf-dist/tex/generic/pgf/pgf.revision.tex)
Package: pgfrcs 2021/05/15 v3.1.9a (3.1.9a)
))
Package: pgf 2021/05/15 v3.1.9a (3.1.9a)

(/usr/share/texlive/texmf-dist/tex/latex/pgf/basiclayer/pgfcore.sty
(/usr/share/texlive/texmf-dist/tex/latex/pgf/systemlayer/pgfsys.sty
(/usr/share/texlive/texmf-dist/tex/generic/pgf/systemlayer/pgfsys.code.tex
Package: pgfsys 2021/05/15 v3.1.9a (3.1.9a)

(/usr/share/texlive/texmf-dist/tex/generic/pgf/utilities/pgfkeys.code.tex
\pgfkeys@pathtoks=\toks39
\pgfkeys@temptoks=\toks40

(/usr/share/texlive/texmf-dist/tex/generic/pgf/utilities/pgfkeysfiltered.code.t
ex
\pgfkeys@tmptoks=\toks41
))
\pgf@x=\dimen196
\pgf@y=\dimen197
\pgf@xa=\dimen198
\pgf@ya=\dimen199
\pgf@xb=\dimen256
\pgf@yb=\dimen257
\pgf@xc=\dimen258
\pgf@yc=\dimen259
\pgf@xd=\dimen260
\pgf@yd=\dimen261
\w@pgf@writea=\write3
\r@pgf@reada=\read3
\c@pgf@counta=\count302
\c@pgf@countb=\count303
\c@pgf@countc=\count304
\c@pgf@countd=\count305
\t@pgf@toka=\toks42
\t@pgf@tokb=\toks43
\t@pgf@tokc=\toks44
\pgf@sys@id@count=\count306
 (/usr/share/texlive/texmf-dist/tex/generic/pgf/systemlayer/pgf.cfg
File: pgf.cfg 2021/05/15 v3.1.9a (3.1.9a)
)
Driver file for pgf: pgfsys-pdftex.def

(/usr/share/texlive/texmf-dist/tex/generic/pgf/systemlayer/pgfsys-pdftex.def
File: pgfsys-pdftex.def 2021/05/15 v3.1.9a (3.1.9a)

(/usr/share/texlive/texmf-dist/tex/generic/pgf/systemlayer/pgfsys-common-pdf.de
f
File: pgfsys-common-pdf.def 2021/05/15 v3.1.9a (3.1.9a)
)))
(/usr/share/texlive/texmf-dist/tex/generic/pgf/systemlayer/pgfsyssoftpath.code.
tex
File: pgfsyssoftpath.code.tex 2021/05/15 v3.1.9a (3.1.9a)
\pgfsyssoftpath@smallbuffer@items=\count307
\pgfsyssoftpath@bigbuffer@items=\count308
)
(/usr/share/texlive/texmf-dist/tex/generic/pgf/systemlayer/pgfsysprotocol.code.
tex
File: pgfsysprotocol.code.tex 2021/05/15 v3.1.9a (3.1.9a)
))
(/usr/share/texlive/texmf-dist/tex/generic/pgf/basiclayer/pgfcore.code.tex
Package: pgfcore 2021/05/15 v3.1.9a (3.1.9a)

(/usr/share/texlive/texmf-dist/tex/generic/pgf/math/pgfmath.code.tex
(/usr/share/texlive/texmf-dist/tex/generic/pgf/math/pgfmathcalc.code.tex
(/usr/share/texlive/texmf-dist/tex/generic/pgf/math/pgfmathutil.code.tex)
(/usr/share/texlive/texmf-dist/tex/generic/pgf/math/pgfmathparser.code.tex
\pgfmath@dimen=\dimen262
\pgfmath@count=\count309
\pgfmath@box=\box59
\pgfmath@toks=\toks45
\pgfmath@stack@operand=\toks46
\pgfmath@stack@operation=\toks47
)
(/usr/share/texlive/texmf-dist/tex/generic/pgf/math/pgfmathfunctions.code.tex
(/usr/share/texlive/texmf-dist/tex/generic/pgf/math/pgfmathfunctions.basic.code
.tex)
(/usr/share/texlive/texmf-dist/tex/generic/pgf/math/pgfmathfunctions.trigonomet
ric.code.tex)
(/usr/share/texlive/texmf-dist/tex/generic/pgf/math/pgfmathfunctions.random.cod
e.tex)
(/usr/share/texlive/texmf-dist/tex/generic/pgf/math/pgfmathfunctions.comparison
.code.tex)
(/usr/share/texlive/texmf-dist/tex/generic/pgf/math/pgfmathfunctions.base.code.
tex)
(/usr/share/texlive/texmf-dist/tex/generic/pgf/math/pgfmathfunctions.round.code
.tex)
(/usr/share/texlive/texmf-dist/tex/generic/pgf/math/pgfmathfunctions.misc.code.
tex)
(/usr/share/texlive/texmf-dist/tex/generic/pgf/math/pgfmathfunctions.integerari
thmetics.code.tex)))
(/usr/share/texlive/texmf-dist/tex/generic/pgf/math/pgfmathfloat.code.tex
\c@pgfmathroundto@lastzeros=\count310
))
(/usr/share/texlive/texmf-dist/tex/generic/pgf/math/pgfint.code.tex)
(/usr/share/texlive/texmf-dist/tex/generic/pgf/basiclayer/pgfcorepoints.code.te
x
File: pgfcorepoints.code.tex 2021/05/15 v3.1.9a (3.1.9a)
\pgf@picminx=\dimen263
\pgf@picmaxx=\dimen264
\pgf@picminy=\dimen265
\pgf@picmaxy=\dimen266
\pgf@pathminx=\dimen267
\pgf@pathmaxx=\dimen268
\pgf@pathminy=\dimen269
\pgf@pathmaxy=\dimen270
\pgf@xx=\dimen271
\pgf@xy=\dimen272
\pgf@yx=\dimen273
\pgf@yy=\dimen274
\pgf@zx=\dimen275
\pgf@zy=\dimen276
)
(/usr/share/texlive/texmf-dist/tex/generic/pgf/basiclayer/pgfcorepathconstruct.
code.tex
File: pgfcorepathconstruct.code.tex 2021/05/15 v3.1.9a (3.1.9a)
\pgf@path@lastx=\dimen277
\pgf@path@lasty=\dimen278
)
(/usr/share/texlive/texmf-dist/tex/generic/pgf/basiclayer/pgfcorepathusage.code
.tex
File: pgfcorepathusage.code.tex 2021/05/15 v3.1.9a (3.1.9a)
\pgf@shorten@end@additional=\dimen279
\pgf@shorten@start@additional=\dimen280
)
(/usr/share/texlive/texmf-dist/tex/generic/pgf/basiclayer/pgfcorescopes.code.te
x
File: pgfcorescopes.code.tex 2021/05/15 v3.1.9a (3.1.9a)
\pgfpic=\box60
\pgf@hbox=\box61
\pgf@layerbox@main=\box62
\pgf@picture@serial@count=\count311
)
(/usr/share/texlive/texmf-dist/tex/generic/pgf/basiclayer/pgfcoregraphicstate.c
ode.tex
File: pgfcoregraphicstate.code.tex 2021/05/15 v3.1.9a (3.1.9a)
\pgflinewidth=\dimen281
)
(/usr/share/texlive/texmf-dist/tex/generic/pgf/basiclayer/pgfcoretransformation
s.code.tex
File: pgfcoretransformations.code.tex 2021/05/15 v3.1.9a (3.1.9a)
\pgf@pt@x=\dimen282
\pgf@pt@y=\dimen283
\pgf@pt@temp=\dimen284
)
(/usr/share/texlive/texmf-dist/tex/generic/pgf/basiclayer/pgfcorequick.code.tex
File: pgfcorequick.code.tex 2021/05/15 v3.1.9a (3.1.9a)
)
(/usr/share/texlive/texmf-dist/tex/generic/pgf/basiclayer/pgfcoreobjects.code.t
ex
File: pgfcoreobjects.code.tex 2021/05/15 v3.1.9a (3.1.9a)
)
(/usr/share/texlive/texmf-dist/tex/generic/pgf/basiclayer/pgfcorepathprocessing
.code.tex
File: pgfcorepathprocessing.code.tex 2021/05/15 v3.1.9a (3.1.9a)
)
(/usr/share/texlive/texmf-dist/tex/generic/pgf/basiclayer/pgfcorearrows.code.te
x
File: pgfcorearrows.code.tex 2021/05/15 v3.1.9a (3.1.9a)
\pgfarrowsep=\dimen285
)
(/usr/share/texlive/texmf-dist/tex/generic/pgf/basiclayer/pgfcoreshade.code.tex
File: pgfcoreshade.code.tex 2021/05/15 v3.1.9a (3.1.9a)
\pgf@max=\dimen286
\pgf@sys@shading@range@num=\count312
\pgf@shadingcount=\count313
)
(/usr/share/texlive/texmf-dist/tex/generic/pgf/basiclayer/pgfcoreimage.code.tex
File: pgfcoreimage.code.tex 2021/05/15 v3.1.9a (3.1.9a)

(/usr/share/texlive/texmf-dist/tex/generic/pgf/basiclayer/pgfcoreexternal.code.
tex
File: pgfcoreexternal.code.tex 2021/05/15 v3.1.9a (3.1.9a)
\pgfexternal@startupbox=\box63
))
(/usr/share/texlive/texmf-dist/tex/generic/pgf/basiclayer/pgfcorelayers.code.te
x
File: pgfcorelayers.code.tex 2021/05/15 v3.1.9a (3.1.9a)
)
(/usr/share/texlive/texmf-dist/tex/generic/pgf/basiclayer/pgfcoretransparency.c
ode.tex
File: pgfcoretransparency.code.tex 2021/05/15 v3.1.9a (3.1.9a)
)
(/usr/share/texlive/texmf-dist/tex/generic/pgf/basiclayer/pgfcorepatterns.code.
tex
File: pgfcorepatterns.code.tex 2021/05/15 v3.1.9a (3.1.9a)
)
(/usr/share/texlive/texmf-dist/tex/generic/pgf/basiclayer/pgfcorerdf.code.tex
File: pgfcorerdf.code.tex 2021/05/15 v3.1.9a (3.1.9a)
)))
(/usr/share/texlive/texmf-dist/tex/generic/pgf/modules/pgfmoduleshapes.code.tex
File: pgfmoduleshapes.code.tex 2021/05/15 v3.1.9a (3.1.9a)
\pgfnodeparttextbox=\box64
) (/usr/share/texlive/texmf-dist/tex/generic/pgf/modules/pgfmoduleplot.code.tex
File: pgfmoduleplot.code.tex 2021/05/15 v3.1.9a (3.1.9a)
)
(/usr/share/texlive/texmf-dist/tex/latex/pgf/compatibility/pgfcomp-version-0-65
.sty
Package: pgfcomp-version-0-65 2021/05/15 v3.1.9a (3.1.9a)
\pgf@nodesepstart=\dimen287
\pgf@nodesepend=\dimen288
)
(/usr/share/texlive/texmf-dist/tex/latex/pgf/compatibility/pgfcomp-version-1-18
.sty
Package: pgfcomp-version-1-18 2021/05/15 v3.1.9a (3.1.9a)
)) (/usr/share/texlive/texmf-dist/tex/latex/pgf/utilities/pgffor.sty
(/usr/share/texlive/texmf-dist/tex/latex/pgf/utilities/pgfkeys.sty
(/usr/share/texlive/texmf-dist/tex/generic/pgf/utilities/pgfkeys.code.tex))
(/usr/share/texlive/texmf-dist/tex/latex/pgf/math/pgfmath.sty
(/usr/share/texlive/texmf-dist/tex/generic/pgf/math/pgfmath.code.tex))
(/usr/share/texlive/texmf-dist/tex/generic/pgf/utilities/pgffor.code.tex
Package: pgffor 2021/05/15 v3.1.9a (3.1.9a)

(/usr/share/texlive/texmf-dist/tex/generic/pgf/math/pgfmath.code.tex)
\pgffor@iter=\dimen289
\pgffor@skip=\dimen290
\pgffor@stack=\toks48
\pgffor@toks=\toks49
))
(/usr/share/texlive/texmf-dist/tex/generic/pgf/frontendlayer/tikz/tikz.code.tex
Package: tikz 2021/05/15 v3.1.9a (3.1.9a)

(/usr/share/texlive/texmf-dist/tex/generic/pgf/libraries/pgflibraryplothandlers
.code.tex
File: pgflibraryplothandlers.code.tex 2021/05/15 v3.1.9a (3.1.9a)
\pgf@plot@mark@count=\count314
\pgfplotmarksize=\dimen291
)
\tikz@lastx=\dimen292
\tikz@lasty=\dimen293
\tikz@lastxsaved=\dimen294
\tikz@lastysaved=\dimen295
\tikz@lastmovetox=\dimen296
\tikz@lastmovetoy=\dimen297
\tikzleveldistance=\dimen298
\tikzsiblingdistance=\dimen299
\tikz@figbox=\box65
\tikz@figbox@bg=\box66
\tikz@tempbox=\box67
\tikz@tempbox@bg=\box68
\tikztreelevel=\count315
\tikznumberofchildren=\count316
\tikznumberofcurrentchild=\count317
\tikz@fig@count=\count318

(/usr/share/texlive/texmf-dist/tex/generic/pgf/modules/pgfmodulematrix.code.tex
File: pgfmodulematrix.code.tex 2021/05/15 v3.1.9a (3.1.9a)
\pgfmatrixcurrentrow=\count319
\pgfmatrixcurrentcolumn=\count320
\pgf@matrix@numberofcolumns=\count321
)
\tikz@expandcount=\count322

(/usr/share/texlive/texmf-dist/tex/generic/pgf/frontendlayer/tikz/libraries/tik
zlibrarytopaths.code.tex
File: tikzlibrarytopaths.code.tex 2021/05/15 v3.1.9a (3.1.9a)
)))
(/usr/share/texlive/texmf-dist/tex/generic/pgf/frontendlayer/tikz/libraries/tik
zlibraryshapes.geometric.code.tex
File: tikzlibraryshapes.geometric.code.tex 2021/05/15 v3.1.9a (3.1.9a)

(/usr/share/texlive/texmf-dist/tex/generic/pgf/libraries/shapes/pgflibraryshape
s.geometric.code.tex
File: pgflibraryshapes.geometric.code.tex 2021/05/15 v3.1.9a (3.1.9a)
))
(/usr/share/texlive/texmf-dist/tex/generic/pgf/frontendlayer/tikz/libraries/tik
zlibraryarrows.code.tex
File: tikzlibraryarrows.code.tex 2021/05/15 v3.1.9a (3.1.9a)

(/usr/share/texlive/texmf-dist/tex/generic/pgf/libraries/pgflibraryarrows.code.
tex
File: pgflibraryarrows.code.tex 2021/05/15 v3.1.9a (3.1.9a)
\arrowsize=\dimen300
))
(/usr/share/texlive/texmf-dist/tex/generic/pgf/frontendlayer/tikz/libraries/tik
zlibrarypositioning.code.tex
File: tikzlibrarypositioning.code.tex 2021/05/15 v3.1.9a (3.1.9a)
)
(/usr/share/texlive/texmf-dist/tex/generic/pgf/frontendlayer/tikz/libraries/tik
zlibrarycalc.code.tex
File: tikzlibrarycalc.code.tex 2021/05/15 v3.1.9a (3.1.9a)
)
(/usr/share/texlive/texmf-dist/tex/generic/pgf/frontendlayer/tikz/libraries/tik
zlibraryshadows.code.tex
File: tikzlibraryshadows.code.tex 2021/05/15 v3.1.9a (3.1.9a)

(/usr/share/texlive/texmf-dist/tex/generic/pgf/frontendlayer/tikz/libraries/tik
zlibraryfadings.code.tex
File: tikzlibraryfadings.code.tex 2021/05/15 v3.1.9a (3.1.9a)

(/usr/share/texlive/texmf-dist/tex/generic/pgf/libraries/pgflibraryfadings.code
.tex
File: pgflibraryfadings.code.tex 2021/05/15 v3.1.9a (3.1.9a)
))) (/usr/share/texlive/texmf-dist/tex/latex/algorithms/algorithm.sty
Package: algorithm 2009/08/24 v0.1 Document Style `algorithm' - floating enviro
nment

(/usr/share/texlive/texmf-dist/tex/latex/base/ifthen.sty
Package: ifthen 2020/11/24 v1.1c Standard LaTeX ifthen package (DPC)
)
\@float@every@algorithm=\toks50
\c@algorithm=\count323
)
(/usr/share/texlive/texmf-dist/tex/latex/algorithmicx/algpseudocode.sty
Package: algpseudocode 

(/usr/share/texlive/texmf-dist/tex/latex/algorithmicx/algorithmicx.sty
Package: algorithmicx 2005/04/27 v1.2 Algorithmicx

Document Style algorithmicx 1.2 - a greatly improved `algorithmic' style
\c@ALG@line=\count324
\c@ALG@rem=\count325
\c@ALG@nested=\count326
\ALG@tlm=\skip73
\ALG@thistlm=\skip74
\c@ALG@Lnr=\count327
\c@ALG@blocknr=\count328
\c@ALG@storecount=\count329
\c@ALG@tmpcounter=\count330
\ALG@tmplength=\skip75
)
Document Style - pseudocode environments for use with the `algorithmicx' style
) (/usr/share/texlive/texmf-dist/tex/latex/listings/listings.sty
\lst@mode=\count331
\lst@gtempboxa=\box69
\lst@token=\toks51
\lst@length=\count332
\lst@currlwidth=\dimen301
\lst@column=\count333
\lst@pos=\count334
\lst@lostspace=\dimen302
\lst@width=\dimen303
\lst@newlines=\count335
\lst@lineno=\count336
\lst@maxwidth=\dimen304

(/usr/share/texlive/texmf-dist/tex/latex/listings/lstmisc.sty
File: lstmisc.sty 2020/03/24 1.8d (Carsten Heinz)
\c@lstnumber=\count337
\lst@skipnumbers=\count338
\lst@framebox=\box70
)
(/usr/share/texlive/texmf-dist/tex/latex/listings/listings.cfg
File: listings.cfg 2020/03/24 1.8d listings configuration
))
Package: listings 2020/03/24 1.8d (Carsten Heinz)

(/usr/share/texlive/texmf-dist/tex/latex/biblatex/biblatex.sty
Package: biblatex 2022/02/02 v3.17 programmable bibliographies (PK/MW)

(/usr/share/texlive/texmf-dist/tex/generic/pdftexcmds/pdftexcmds.sty
Package: pdftexcmds 2020-06-27 v0.33 Utility functions of pdfTeX for LuaTeX (HO
)

(/usr/share/texlive/texmf-dist/tex/generic/infwarerr/infwarerr.sty
Package: infwarerr 2019/12/03 v1.5 Providing info/warning/error messages (HO)
)
(/usr/share/texlive/texmf-dist/tex/generic/ltxcmds/ltxcmds.sty
Package: ltxcmds 2020-05-10 v1.25 LaTeX kernel commands for general use (HO)
)
Package pdftexcmds Info: \pdf@primitive is available.
Package pdftexcmds Info: \pdf@ifprimitive is available.
Package pdftexcmds Info: \pdfdraftmode found.
)
(/usr/share/texlive/texmf-dist/tex/latex/kvoptions/kvoptions.sty
Package: kvoptions 2020-10-07 v3.14 Key value format for package options (HO)

(/usr/share/texlive/texmf-dist/tex/generic/kvsetkeys/kvsetkeys.sty
Package: kvsetkeys 2019/12/15 v1.18 Key value parser (HO)
))
(/usr/share/texlive/texmf-dist/tex/latex/logreq/logreq.sty
Package: logreq 2010/08/04 v1.0 xml request logger
\lrq@indent=\count339

(/usr/share/texlive/texmf-dist/tex/latex/logreq/logreq.def
File: logreq.def 2010/08/04 v1.0 logreq spec v1.0
))
(/usr/share/texlive/texmf-dist/tex/latex/url/url.sty
\Urlmuskip=\muskip17
Package: url 2013/09/16  ver 3.4  Verb mode for urls, etc.
)
\c@tabx@nest=\count340
\c@listtotal=\count341
\c@listcount=\count342
\c@liststart=\count343
\c@liststop=\count344
\c@citecount=\count345
\c@citetotal=\count346
\c@multicitecount=\count347
\c@multicitetotal=\count348
\c@instcount=\count349
\c@maxnames=\count350
\c@minnames=\count351
\c@maxitems=\count352
\c@minitems=\count353
\c@citecounter=\count354
\c@maxcitecounter=\count355
\c@savedcitecounter=\count356
\c@uniquelist=\count357
\c@uniquename=\count358
\c@refsection=\count359
\c@refsegment=\count360
\c@maxextratitle=\count361
\c@maxextratitleyear=\count362
\c@maxextraname=\count363
\c@maxextradate=\count364
\c@maxextraalpha=\count365
\c@abbrvpenalty=\count366
\c@highnamepenalty=\count367
\c@lownamepenalty=\count368
\c@maxparens=\count369
\c@parenlevel=\count370
\blx@tempcnta=\count371
\blx@tempcntb=\count372
\blx@tempcntc=\count373
\c@blx@maxsection=\count374
\c@blx@maxsegment@0=\count375
\blx@notetype=\count376
\blx@parenlevel@text=\count377
\blx@parenlevel@foot=\count378
\c@blx@sectionciteorder@0=\count379
\blx@entrysetcounter=\count380
\blx@biblioinstance=\count381
\labelnumberwidth=\skip76
\labelalphawidth=\skip77
\biblabelsep=\skip78
\bibitemsep=\skip79
\bibnamesep=\skip80
\bibinitsep=\skip81
\bibparsep=\skip82
\bibhang=\skip83
\blx@bcfin=\read4
\blx@bcfout=\write4
\blx@langwohyphens=\language88
\c@mincomprange=\count382
\c@maxcomprange=\count383
\c@mincompwidth=\count384
Package biblatex Info: Trying to load biblatex default data model...
Package biblatex Info: ... file 'blx-dm.def' found.

(/usr/share/texlive/texmf-dist/tex/latex/biblatex/blx-dm.def
File: blx-dm.def 2022/02/02 v3.17 biblatex localization (PK/MW)
)
Package biblatex Info: Trying to load biblatex style data model...
Package biblatex Info: ... file 'ieee.dbx' not found.
Package biblatex Info: Trying to load biblatex custom data model...
Package biblatex Info: ... file 'biblatex-dm.cfg' not found.
\c@afterword=\count385
\c@savedafterword=\count386
\c@annotator=\count387
\c@savedannotator=\count388
\c@author=\count389
\c@savedauthor=\count390
\c@bookauthor=\count391
\c@savedbookauthor=\count392
\c@commentator=\count393
\c@savedcommentator=\count394
\c@editor=\count395
\c@savededitor=\count396
\c@editora=\count397
\c@savededitora=\count398
\c@editorb=\count399
\c@savededitorb=\count400
\c@editorc=\count401
\c@savededitorc=\count402
\c@foreword=\count403
\c@savedforeword=\count404
\c@holder=\count405
\c@savedholder=\count406
\c@introduction=\count407
\c@savedintroduction=\count408
\c@namea=\count409
\c@savednamea=\count410
\c@nameb=\count411
\c@savednameb=\count412
\c@namec=\count413
\c@savednamec=\count414
\c@translator=\count415
\c@savedtranslator=\count416
\c@shortauthor=\count417
\c@savedshortauthor=\count418
\c@shorteditor=\count419
\c@savedshorteditor=\count420
\c@labelname=\count421
\c@savedlabelname=\count422
\c@institution=\count423
\c@savedinstitution=\count424
\c@lista=\count425
\c@savedlista=\count426
\c@listb=\count427
\c@savedlistb=\count428
\c@listc=\count429
\c@savedlistc=\count430
\c@listd=\count431
\c@savedlistd=\count432
\c@liste=\count433
\c@savedliste=\count434
\c@listf=\count435
\c@savedlistf=\count436
\c@location=\count437
\c@savedlocation=\count438
\c@organization=\count439
\c@savedorganization=\count440
\c@origlocation=\count441
\c@savedoriglocation=\count442
\c@origpublisher=\count443
\c@savedorigpublisher=\count444
\c@publisher=\count445
\c@savedpublisher=\count446
\c@language=\count447
\c@savedlanguage=\count448
\c@origlanguage=\count449
\c@savedoriglanguage=\count450
\c@pageref=\count451
\c@savedpageref=\count452
\shorthandwidth=\skip84
\shortjournalwidth=\skip85
\shortserieswidth=\skip86
\shorttitlewidth=\skip87
\shortauthorwidth=\skip88
\shorteditorwidth=\skip89
\locallabelnumberwidth=\skip90
\locallabelalphawidth=\skip91
\localshorthandwidth=\skip92
\localshortjournalwidth=\skip93
\localshortserieswidth=\skip94
\localshorttitlewidth=\skip95
\localshortauthorwidth=\skip96
\localshorteditorwidth=\skip97
Package biblatex Info: Trying to load compatibility code...
Package biblatex Info: ... file 'blx-compat.def' found.

(/usr/share/texlive/texmf-dist/tex/latex/biblatex/blx-compat.def
File: blx-compat.def 2022/02/02 v3.17 biblatex compatibility (PK/MW)
)
Package biblatex Info: Trying to load generic definitions...
Package biblatex Info: ... file 'biblatex.def' found.

(/usr/share/texlive/texmf-dist/tex/latex/biblatex/biblatex.def
File: biblatex.def 2022/02/02 v3.17 biblatex compatibility (PK/MW)
\c@textcitecount=\count453
\c@textcitetotal=\count454
\c@textcitemaxnames=\count455
\c@biburlbigbreakpenalty=\count456
\c@biburlbreakpenalty=\count457
\c@biburlnumpenalty=\count458
\c@biburlucpenalty=\count459
\c@biburllcpenalty=\count460
\biburlbigskip=\muskip18
\biburlnumskip=\muskip19
\biburlucskip=\muskip20
\biburllcskip=\muskip21
\c@smartand=\count461
)
Package biblatex Info: Trying to load bibliography style 'ieee'...
Package biblatex Info: ... file 'ieee.bbx' found.

(/usr/share/texlive/texmf-dist/tex/latex/biblatex-ieee/ieee.bbx
File: ieee.bbx 2021/12/06 v1.3f biblatex bibliography style
Package biblatex Info: Trying to load bibliography style 'numeric-comp'...
Package biblatex Info: ... file 'numeric-comp.bbx' found.

(/usr/share/texlive/texmf-dist/tex/latex/biblatex/bbx/numeric-comp.bbx
File: numeric-comp.bbx 2022/02/02 v3.17 biblatex bibliography style (PK/MW)
Package biblatex Info: Trying to load bibliography style 'numeric'...
Package biblatex Info: ... file 'numeric.bbx' found.

(/usr/share/texlive/texmf-dist/tex/latex/biblatex/bbx/numeric.bbx
File: numeric.bbx 2022/02/02 v3.17 biblatex bibliography style (PK/MW)
Package biblatex Info: Trying to load bibliography style 'standard'...
Package biblatex Info: ... file 'standard.bbx' found.

(/usr/share/texlive/texmf-dist/tex/latex/biblatex/bbx/standard.bbx
File: standard.bbx 2022/02/02 v3.17 biblatex bibliography style (PK/MW)
\c@bbx:relatedcount=\count462
\c@bbx:relatedtotal=\count463
))))
Package biblatex Info: Trying to load citation style 'ieee'...
Package biblatex Info: ... file 'ieee.cbx' found.

(/usr/share/texlive/texmf-dist/tex/latex/biblatex-ieee/ieee.cbx
File: ieee.cbx 2021/12/06 v1.3f biblatex citation style
Package biblatex Info: Trying to load citation style 'numeric-comp'...
Package biblatex Info: ... file 'numeric-comp.cbx' found.

(/usr/share/texlive/texmf-dist/tex/latex/biblatex/cbx/numeric-comp.cbx
File: numeric-comp.cbx 2022/02/02 v3.17 biblatex citation style (PK/MW)
\c@cbx@tempcnta=\count464
\c@cbx@tempcntb=\count465
\c@cbx@tempcntc=\count466
\c@cbx@tempcntd=\count467
Package biblatex Info: Redefining '\cite'.
Package biblatex Info: Redefining '\parencite'.
Package biblatex Info: Redefining '\footcite'.
Package biblatex Info: Redefining '\footcitetext'.
Package biblatex Info: Redefining '\smartcite'.
Package biblatex Info: Redefining '\supercite'.
Package biblatex Info: Redefining '\textcite'.
Package biblatex Info: Redefining '\textcites'.
Package biblatex Info: Redefining '\cites'.
Package biblatex Info: Redefining '\parencites'.
Package biblatex Info: Redefining '\smartcites'.
)
Package biblatex Info: Redefining '\cite'.
Package biblatex Info: Redefining '\supercite'.
Package biblatex Info: Redefining '\cites'.
)
Package biblatex Info: Trying to load configuration file...
Package biblatex Info: ... file 'biblatex.cfg' found.

(/usr/share/texlive/texmf-dist/tex/latex/biblatex/biblatex.cfg
File: biblatex.cfg 
)
Package biblatex Info: Input encoding 'utf8' detected.
Package biblatex Info: Document encoding is UTF8 ....

(/usr/share/texlive/texmf-dist/tex/latex/l3kernel/expl3.sty
Package: expl3 2022-01-21 L3 programming layer (loader) 

(/usr/share/texlive/texmf-dist/tex/latex/l3backend/l3backend-pdftex.def
File: l3backend-pdftex.def 2022-01-12 L3 backend support: PDF output (pdfTeX)
\l__color_backend_stack_int=\count468
\l__pdf_internal_box=\box71
))
Package biblatex Info: ... and expl3
(biblatex)             2022-01-21 L3 programming layer (loader) 
(biblatex)             is new enough (at least 2020/04/06),
(biblatex)             setting 'casechanger=expl3'.

(/usr/share/texlive/texmf-dist/tex/latex/biblatex/blx-case-expl3.sty
(/usr/share/texlive/texmf-dist/tex/latex/l3packages/xparse/xparse.sty
Package: xparse 2022-01-12 L3 Experimental document command parser
)
Package: blx-case-expl3 2022/02/02 v3.17 expl3 case changing code for biblatex
))
(/usr/share/texlive/texmf-dist/tex/latex/hyperref/hyperref.sty
Package: hyperref 2021-06-07 v7.00m Hypertext links for LaTeX

(/usr/share/texlive/texmf-dist/tex/generic/kvdefinekeys/kvdefinekeys.sty
Package: kvdefinekeys 2019-12-19 v1.6 Define keys (HO)
)
(/usr/share/texlive/texmf-dist/tex/generic/pdfescape/pdfescape.sty
Package: pdfescape 2019/12/09 v1.15 Implements pdfTeX's escape features (HO)
)
(/usr/share/texlive/texmf-dist/tex/latex/hycolor/hycolor.sty
Package: hycolor 2020-01-27 v1.10 Color options for hyperref/bookmark (HO)
)
(/usr/share/texlive/texmf-dist/tex/latex/letltxmacro/letltxmacro.sty
Package: letltxmacro 2019/12/03 v1.6 Let assignment for LaTeX macros (HO)
)
(/usr/share/texlive/texmf-dist/tex/latex/auxhook/auxhook.sty
Package: auxhook 2019-12-17 v1.6 Hooks for auxiliary files (HO)
)
\@linkdim=\dimen305
\Hy@linkcounter=\count469
\Hy@pagecounter=\count470

(/usr/share/texlive/texmf-dist/tex/latex/hyperref/pd1enc.def
File: pd1enc.def 2021-06-07 v7.00m Hyperref: PDFDocEncoding definition (HO)
Now handling font encoding PD1 ...
... no UTF-8 mapping file for font encoding PD1
)
(/usr/share/texlive/texmf-dist/tex/latex/hyperref/hyperref-langpatches.def
File: hyperref-langpatches.def 2021-06-07 v7.00m Hyperref: patches for babel la
nguages
)
(/usr/share/texlive/texmf-dist/tex/generic/intcalc/intcalc.sty
Package: intcalc 2019/12/15 v1.3 Expandable calculations with integers (HO)
)
(/usr/share/texlive/texmf-dist/tex/generic/etexcmds/etexcmds.sty
Package: etexcmds 2019/12/15 v1.7 Avoid name clashes with e-TeX commands (HO)
)
\Hy@SavedSpaceFactor=\count471

(/usr/share/texlive/texmf-dist/tex/latex/hyperref/puenc.def
File: puenc.def 2021-06-07 v7.00m Hyperref: PDF Unicode definition (HO)
Now handling font encoding PU ...
... no UTF-8 mapping file for font encoding PU
)
Package hyperref Info: Hyper figures OFF on input line 4192.
Package hyperref Info: Link nesting OFF on input line 4197.
Package hyperref Info: Hyper index ON on input line 4200.
Package hyperref Info: Plain pages OFF on input line 4207.
Package hyperref Info: Backreferencing OFF on input line 4212.
Package hyperref Info: Implicit mode ON; LaTeX internals redefined.
Package hyperref Info: Bookmarks ON on input line 4445.
\c@Hy@tempcnt=\count472
LaTeX Info: Redefining \url on input line 4804.
\XeTeXLinkMargin=\dimen306

(/usr/share/texlive/texmf-dist/tex/generic/bitset/bitset.sty
Package: bitset 2019/12/09 v1.3 Handle bit-vector datatype (HO)

(/usr/share/texlive/texmf-dist/tex/generic/bigintcalc/bigintcalc.sty
Package: bigintcalc 2019/12/15 v1.5 Expandable calculations on big integers (HO
)
))
\Fld@menulength=\count473
\Field@Width=\dimen307
\Fld@charsize=\dimen308
Package hyperref Info: Hyper figures OFF on input line 6076.
Package hyperref Info: Link nesting OFF on input line 6081.
Package hyperref Info: Hyper index ON on input line 6084.
Package hyperref Info: backreferencing OFF on input line 6091.
Package hyperref Info: Link coloring OFF on input line 6096.
Package hyperref Info: Link coloring with OCG OFF on input line 6101.
Package hyperref Info: PDF/A mode OFF on input line 6106.
LaTeX Info: Redefining \ref on input line 6146.
LaTeX Info: Redefining \pageref on input line 6150.

(/usr/share/texlive/texmf-dist/tex/latex/base/atbegshi-ltx.sty
Package: atbegshi-ltx 2021/01/10 v1.0c Emulation of the original atbegshi
package with kernel methods
)
\Hy@abspage=\count474
\c@Item=\count475
\c@Hfootnote=\count476
)
Package hyperref Info: Driver (autodetected): hpdftex.

(/usr/share/texlive/texmf-dist/tex/latex/hyperref/hpdftex.def
File: hpdftex.def 2021-06-07 v7.00m Hyperref driver for pdfTeX

(/usr/share/texlive/texmf-dist/tex/latex/base/atveryend-ltx.sty
Package: atveryend-ltx 2020/08/19 v1.0a Emulation of the original atveryend pac
kage
with kernel methods
)
\Fld@listcount=\count477
\c@bookmark@seq@number=\count478

(/usr/share/texlive/texmf-dist/tex/latex/rerunfilecheck/rerunfilecheck.sty
Package: rerunfilecheck 2019/12/05 v1.9 Rerun checks for auxiliary files (HO)

(/usr/share/texlive/texmf-dist/tex/generic/uniquecounter/uniquecounter.sty
Package: uniquecounter 2019/12/15 v1.4 Provide unlimited unique counter (HO)
)
Package uniquecounter Info: New unique counter `rerunfilecheck' on input line 2
86.
)
\Hy@SectionHShift=\skip98
)
Package hyperref Info: Option `colorlinks' set `true' on input line 136.

(/usr/share/texlive/texmf-dist/tex/latex/titlesec/titlesec.sty
Package: titlesec 2021/07/05 v2.14 Sectioning titles
\ttl@box=\box72
\beforetitleunit=\skip99
\aftertitleunit=\skip100
\ttl@plus=\dimen309
\ttl@minus=\dimen310
\ttl@toksa=\toks52
\titlewidth=\dimen311
\titlewidthlast=\dimen312
\titlewidthfirst=\dimen313
)
(/usr/share/texlive/texmf-dist/tex/latex/siunitx/siunitx.sty
Package: siunitx 2022-02-02 v3.0.46 A comprehensive (SI) units package
\l__siunitx_angle_tmp_dim=\dimen314
\l__siunitx_angle_marker_box=\box73
\l__siunitx_angle_unit_box=\box74
\l__siunitx_compound_count_int=\count479

(/usr/share/texlive/texmf-dist/tex/latex/translations/translations.sty
Package: translations 2022/01/04 v1.11 internationalization of LaTeX2e packages
 (CN)
)
\l__siunitx_number_exponent_fixed_int=\count480
\l__siunitx_number_min_decimal_int=\count481
\l__siunitx_number_min_integer_int=\count482
\l__siunitx_number_round_precision_int=\count483
\l__siunitx_number_group_minimum_int=\count484
\l__siunitx_table_tmp_box=\box75
\l__siunitx_table_tmp_dim=\dimen315
\l__siunitx_table_column_width_dim=\dimen316
\l__siunitx_table_integer_box=\box76
\l__siunitx_table_decimal_box=\box77
\l__siunitx_table_before_box=\box78
\l__siunitx_table_after_box=\box79
\l__siunitx_table_before_dim=\dimen317
\l__siunitx_table_carry_dim=\dimen318
\l__siunitx_unit_tmp_int=\count485
\l__siunitx_unit_position_int=\count486
\l__siunitx_unit_total_int=\count487

(/usr/share/texlive/texmf-dist/tex/latex/l3packages/l3keys2e/l3keys2e.sty
Package: l3keys2e 2022-01-12 LaTeX2e option processing using LaTeX3 keys
))

Package siunitx Info: Option "detect-mode" has been deprecated in this
(siunitx)             release.
(siunitx)             
(siunitx)             Use "mode = match" as a replacement.

Package csquotes Info: Checking for multilingual support...
Package csquotes Info: ... found 'babel' package.
Package csquotes Info: Adjusting default style.
Package csquotes Info: Redefining alias 'default' -> 'spanish'.
LaTeX Font Info:    Trying to load font information for T1+ptm on input line 16
3.

(/usr/share/texlive/texmf-dist/tex/latex/psnfss/t1ptm.fd
File: t1ptm.fd 2001/06/04 font definitions for T1/ptm.
) (./Main.aux
(./portada.aux)
LaTeX Info: Redefining \. on input line 27.
LaTeX Info: Redefining \% on input line 27.
 (./dedicatoria.aux) (./agradecimientos.aux) (./resumen.aux)
(./introduccion.aux) (./Capitulo1.aux) (./Capitulo2.aux) (./Capitulo3.aux)
(./Capitulo4.aux) (./Capitulo5.aux) (./formulas.aux) (./glosario.aux))
\openout1 = `Main.aux'.

LaTeX Font Info:    Checking defaults for OML/cmm/m/it on input line 163.
LaTeX Font Info:    ... okay on input line 163.
LaTeX Font Info:    Checking defaults for OMS/cmsy/m/n on input line 163.
LaTeX Font Info:    ... okay on input line 163.
LaTeX Font Info:    Checking defaults for OT1/cmr/m/n on input line 163.
LaTeX Font Info:    ... okay on input line 163.
LaTeX Font Info:    Checking defaults for T1/cmr/m/n on input line 163.
LaTeX Font Info:    ... okay on input line 163.
LaTeX Font Info:    Checking defaults for TS1/cmr/m/n on input line 163.
LaTeX Font Info:    ... okay on input line 163.
LaTeX Font Info:    Checking defaults for OMX/cmex/m/n on input line 163.
LaTeX Font Info:    ... okay on input line 163.
LaTeX Font Info:    Checking defaults for U/cmr/m/n on input line 163.
LaTeX Font Info:    ... okay on input line 163.
LaTeX Font Info:    Checking defaults for PD1/pdf/m/n on input line 163.
LaTeX Font Info:    ... okay on input line 163.
LaTeX Font Info:    Checking defaults for PU/pdf/m/n on input line 163.
LaTeX Font Info:    ... okay on input line 163.
LaTeX Info: Redefining \. on input line 163.
LaTeX Info: Redefining \% on input line 163.
LaTeX Info: Redefining \microtypecontext on input line 163.
Package microtype Info: Applying patch `item' on input line 163.
Package microtype Info: Applying patch `toc' on input line 163.
Package microtype Info: Applying patch `eqnum' on input line 163.
Package microtype Info: Applying patch `footnote' on input line 163.
Package microtype Info: Generating PDF output.
Package microtype Info: Character protrusion enabled (level 2).
Package microtype Info: Using default protrusion set `alltext'.
Package microtype Info: Automatic font expansion enabled (level 2),
(microtype)             stretch: 20, shrink: 20, step: 1, non-selected.
Package microtype Info: Using default expansion set `alltext-nott'.
LaTeX Info: Redefining \showhyphens on input line 163.
Package microtype Info: No adjustment of tracking.
Package microtype Info: No adjustment of interword spacing.
Package microtype Info: No adjustment of character kerning.

(/usr/share/texlive/texmf-dist/tex/latex/microtype/mt-ptm.cfg
File: mt-ptm.cfg 2006/04/20 v1.7 microtype config. file: Times (RS)
)
*geometry* driver: auto-detecting
*geometry* detected driver: pdftex
*geometry* verbose mode - [ preamble ] result:
* driver: pdftex
* paper: letterpaper
* layout: <same size as paper>
* layoutoffset:(h,v)=(0.0pt,0.0pt)
* modes: 
* h-part:(L,W,R)=(85.35826pt, 457.80486pt, 71.13188pt)
* v-part:(T,H,B)=(71.13188pt, 652.70622pt, 71.13188pt)
* \paperwidth=614.295pt
* \paperheight=794.96999pt
* \textwidth=457.80486pt
* \textheight=652.70622pt
* \oddsidemargin=13.08827pt
* \evensidemargin=13.08827pt
* \topmargin=-41.1381pt
* \headheight=15.0pt
* \headsep=25.0pt
* \topskip=12.0pt
* \footskip=30.0pt
* \marginparwidth=44.0pt
* \marginparsep=10.0pt
* \columnsep=10.0pt
* \skip\footins=10.8pt plus 4.0pt minus 2.0pt
* \hoffset=0.0pt
* \voffset=0.0pt
* \mag=1000
* \@twocolumnfalse
* \@twosidefalse
* \@mparswitchfalse
* \@reversemarginfalse
* (1in=72.27pt=25.4mm, 1cm=28.453pt)

(/usr/share/texlive/texmf-dist/tex/context/base/mkii/supp-pdf.mkii
[Loading MPS to PDF converter (version 2006.09.02).]
\scratchcounter=\count488
\scratchdimen=\dimen319
\scratchbox=\box80
\nofMPsegments=\count489
\nofMParguments=\count490
\everyMPshowfont=\toks53
\MPscratchCnt=\count491
\MPscratchDim=\dimen320
\MPnumerator=\count492
\makeMPintoPDFobject=\count493
\everyMPtoPDFconversion=\toks54
) (/usr/share/texlive/texmf-dist/tex/latex/epstopdf-pkg/epstopdf-base.sty
Package: epstopdf-base 2020-01-24 v2.11 Base part for package epstopdf
Package epstopdf-base Info: Redefining graphics rule for `.eps' on input line 4
85.

(/usr/share/texlive/texmf-dist/tex/latex/latexconfig/epstopdf-sys.cfg
File: epstopdf-sys.cfg 2010/07/13 v1.3 Configuration of (r)epstopdf for TeX Liv
e
))
Package caption Info: Begin \AtBeginDocument code.
Package caption Info: hyperref package is loaded.
Package caption Info: listings package is loaded.
Package caption Info: End \AtBeginDocument code.
\c@lstlisting=\count494
Package biblatex Info: Trying to load language 'spanish'...
Package biblatex Info: ... file 'spanish.lbx' found.

(/usr/share/texlive/texmf-dist/tex/latex/biblatex/lbx/spanish.lbx
File: spanish.lbx 2022/02/02 v3.17 biblatex localization (PK/MW)
)
Package biblatex Info: Input encoding 'utf8' detected.
Package biblatex Info: Automatic encoding selection.
(biblatex)             Assuming data encoding 'utf8'.
\openout4 = `Main.bcf'.

Package biblatex Info: Trying to load bibliographic data...
Package biblatex Info: ... file 'Main.bbl' found.
 (./Main.bbl)
Package biblatex Info: Reference section=0 on input line 163.
Package biblatex Info: Reference segment=0 on input line 163.
Package hyperref Info: Link coloring ON on input line 163.
(/usr/share/texlive/texmf-dist/tex/latex/hyperref/nameref.sty
Package: nameref 2021-04-02 v2.47 Cross-referencing by name of section

(/usr/share/texlive/texmf-dist/tex/latex/refcount/refcount.sty
Package: refcount 2019/12/15 v3.6 Data extraction from label references (HO)
)
(/usr/share/texlive/texmf-dist/tex/generic/gettitlestring/gettitlestring.sty
Package: gettitlestring 2019/12/15 v1.6 Cleanup title references (HO)
)
\c@section@level=\count495
)
LaTeX Info: Redefining \ref on input line 163.
LaTeX Info: Redefining \pageref on input line 163.
LaTeX Info: Redefining \nameref on input line 163.

(./Main.out) (./Main.out)
\@outlinefile=\write5
\openout5 = `Main.out'.


(/usr/share/texlive/texmf-dist/tex/latex/translations/translations-basic-dictio
nary-spanish.trsl
File: translations-basic-dictionary-spanish.trsl (spanish translation file `tra
nslations-basic-dictionary')
)
Package translations Info: loading dictionary `translations-basic-dictionary' f
or `spanish'. on input line 163.
\openout2 = `portada.aux'.

 (./portada.tex
<Imagenes/logo_ULA.png, id=493, 226.8475pt x 307.1475pt>
File: Imagenes/logo_ULA.png Graphic file (type png)
<use Imagenes/logo_ULA.png>
Package pdftex.def Info: Imagenes/logo_ULA.png  used on input line 11.
(pdftex.def)             Requested size: 64.09239pt x 86.7787pt.
 [1


{/var/lib/texmf/fonts/map/pdftex/updmap/pdftex.map} <./Imagenes/logo_ULA.png>])
\openout2 = `dedicatoria.aux'.

 (./dedicatoria.tex
LaTeX Font Info:    Trying to load font information for OT1+ztmcm on input line
 19.

(/usr/share/texlive/texmf-dist/tex/latex/psnfss/ot1ztmcm.fd
File: ot1ztmcm.fd 2000/01/03 Fontinst v1.801 font definitions for OT1/ztmcm.
)
Package microtype Info: Loading generic protrusion settings for font family
(microtype)             `ztmcm' (encoding: OT1).
(microtype)             For optimal results, create family-specific settings.
(microtype)             See the microtype manual for details.
LaTeX Font Info:    Trying to load font information for OML+ztmcm on input line
 19.

(/usr/share/texlive/texmf-dist/tex/latex/psnfss/omlztmcm.fd
File: omlztmcm.fd 2000/01/03 Fontinst v1.801 font definitions for OML/ztmcm.
)
LaTeX Font Info:    Trying to load font information for OMS+ztmcm on input line
 19.

(/usr/share/texlive/texmf-dist/tex/latex/psnfss/omsztmcm.fd
File: omsztmcm.fd 2000/01/03 Fontinst v1.801 font definitions for OMS/ztmcm.
)
LaTeX Font Info:    Trying to load font information for OMX+ztmcm on input line
 19.

(/usr/share/texlive/texmf-dist/tex/latex/psnfss/omxztmcm.fd
File: omxztmcm.fd 2000/01/03 Fontinst v1.801 font definitions for OMX/ztmcm.
)
LaTeX Font Info:    Trying to load font information for OT1+ptm on input line 1
9.

(/usr/share/texlive/texmf-dist/tex/latex/psnfss/ot1ptm.fd
File: ot1ptm.fd 2001/06/04 font definitions for OT1/ptm.
)
LaTeX Font Info:    Font shape `OT1/ptm/bx/n' in size <12> not available
(Font)              Font shape `OT1/ptm/b/n' tried instead on input line 19.
LaTeX Font Info:    Font shape `OT1/ptm/bx/n' in size <9> not available
(Font)              Font shape `OT1/ptm/b/n' tried instead on input line 19.
LaTeX Font Info:    Font shape `OT1/ptm/bx/n' in size <7> not available
(Font)              Font shape `OT1/ptm/b/n' tried instead on input line 19.

(/usr/share/texlive/texmf-dist/tex/latex/microtype/mt-msa.cfg
File: mt-msa.cfg 2006/02/04 v1.1 microtype config. file: AMS symbols (a) (RS)
)
(/usr/share/texlive/texmf-dist/tex/latex/microtype/mt-msb.cfg
File: mt-msb.cfg 2005/06/01 v1.0 microtype config. file: AMS symbols (b) (RS)
))pdfTeX warning (ext4): destination with the same identifier (name{page.I}) ha
s been already used, duplicate ignored
<to be read again> 
                   \relax 
l.173 	\include{dedicatoria}
                             [1



]
\openout2 = `agradecimientos.aux'.

 (./agradecimientos.tex) [2




]
\openout2 = `resumen.aux'.

 (./resumen.tex)
[3




] (./Main.toc
LaTeX Info: Redefining \sptext on input line 1.
LaTeX Info: Redefining \. on input line 1.
LaTeX Info: Redefining \% on input line 1.
 [4



] [5] [6])
\tf@toc=\write6
\openout6 = `Main.toc'.

 [7] (./Main.lof
LaTeX Info: Redefining \sptext on input line 1.
LaTeX Info: Redefining \. on input line 1.
LaTeX Info: Redefining \% on input line 1.
 [8


])
\tf@lof=\write7
\openout7 = `Main.lof'.

 [9] (./Main.lot
LaTeX Info: Redefining \sptext on input line 1.
LaTeX Info: Redefining \. on input line 1.
LaTeX Info: Redefining \% on input line 1.
)
\tf@lot=\write8
\openout8 = `Main.lot'.

 [10


]
\openout2 = `introduccion.aux'.


(./introduccion.tex) [11



]
\openout2 = `Capitulo1.aux'.

 (./Capitulo1.tex
Cap\'{\i }tulo 1.
[1





] [2] [3]) [4]
\openout2 = `Capitulo2.aux'.

 (./Capitulo2.tex
Cap\'{\i }tulo 2.
[5




] [6] [7] [8]
LaTeX Font Info:    Trying to load font information for TS1+ptm on input line 9
3.
 (/usr/share/texlive/texmf-dist/tex/latex/psnfss/ts1ptm.fd
File: ts1ptm.fd 2001/06/04 font definitions for TS1/ptm.
)
[9]
<Imagenes/ojo.png, id=853, 2152.04pt x 1991.44pt>
File: Imagenes/ojo.png Graphic file (type png)
<use Imagenes/ojo.png>
Package pdftex.def Info: Imagenes/ojo.png  used on input line 119.
(pdftex.def)             Requested size: 320.46199pt x 296.54564pt.


LaTeX Warning: `h' float specifier changed to `ht'.

<Imagenes/ojo_ray_x_partes.png, id=854, 1027.58907pt x 590.205pt>
File: Imagenes/ojo_ray_x_partes.png Graphic file (type png)
<use Imagenes/ojo_ray_x_partes.png>
Package pdftex.def Info: Imagenes/ojo_ray_x_partes.png  used on input line 126.

(pdftex.def)             Requested size: 412.02156pt x 236.64517pt.

LaTeX Warning: `h' float specifier changed to `ht'.

[10] [11 <./Imagenes/ojo.png>] [12 <./Imagenes/ojo_ray_x_partes.png (PNG copy)>
] [13] [14] [15pdfTeX warning (ext4): destination with the same identifier (nam
e{equation.2.3.2}) has been already used, duplicate ignored
<argument> ...shipout:D \box_use:N \l_shipout_box 
                                                  \__shipout_drop_firstpage_...
l.254 \subsubsection{Filtro de Savitzky-Golay}
                                              ]pdfTeX warning (ext4): destinati
on with the same identifier (name{equation.2.3.2}) has been already used, dupli
cate ignored
<to be read again> 
                   \relax 
l.258 \begin{equation}
                      pdfTeX warning (ext4): destination with the same identifi
er (name{equation.2.3.2}) has been already used, duplicate ignored
<to be read again> 
                   \relax 
l.258 \begin{equation}
                      pdfTeX warning (ext4): destination with the same identifi
er (name{equation.2.3.2}) has been already used, duplicate ignored
<to be read again> 
                   \relax 
l.258 \begin{equation}
                      pdfTeX warning (ext4): destination with the same identifi
er (name{equation.2.3.2}) has been already used, duplicate ignored
<to be read again> 
                   \relax 
l.258 \begin{equation}
                      
<Imagenes/dark_pupil.png, id=910, 935.74594pt x 694.84593pt>
File: Imagenes/dark_pupil.png Graphic file (type png)
<use Imagenes/dark_pupil.png>
Package pdftex.def Info: Imagenes/dark_pupil.png  used on input line 272.
(pdftex.def)             Requested size: 274.6857pt x 203.97054pt.


LaTeX Warning: `h' float specifier changed to `ht'.

[16] [17 <./Imagenes/dark_pupil.png>] [18]pdfTeX warning (ext4): destination wi
th the same identifier (name{equation.2.4.2}) has been already used, duplicate 
ignored
<to be read again> 
                   \relax 
l.331 \begin{equation}
                      pdfTeX warning (ext4): destination with the same identifi
er (name{equation.2.4.2}) has been already used, duplicate ignored
<to be read again> 
                   \relax 
l.331 \begin{equation}
                      pdfTeX warning (ext4): destination with the same identifi
er (name{equation.2.4.2}) has been already used, duplicate ignored
<to be read again> 
                   \relax 
l.331 \begin{equation}
                      pdfTeX warning (ext4): destination with the same identifi
er (name{equation.2.4.2}) has been already used, duplicate ignored
<to be read again> 
                   \relax 
l.331 \begin{equation}
                       [19]pdfTeX warning (ext4): destination with the same ide
ntifier (name{equation.2.4.2}) has been already used, duplicate ignored
<to be read again> 
                   \relax 
l.351 \begin{equation}
                      pdfTeX warning (ext4): destination with the same identifi
er (name{equation.2.4.2}) has been already used, duplicate ignored
<to be read again> 
                   \relax 
l.351 \begin{equation}
                      pdfTeX warning (ext4): destination with the same identifi
er (name{equation.2.4.2}) has been already used, duplicate ignored
<to be read again> 
                   \relax 
l.351 \begin{equation}
                      pdfTeX warning (ext4): destination with the same identifi
er (name{equation.2.4.2}) has been already used, duplicate ignored
<to be read again> 
                   \relax 
l.351 \begin{equation}
                      pdfTeX warning (ext4): destination with the same identifi
er (name{equation.2.4.2}) has been already used, duplicate ignored
<to be read again> 
                   \relax 
l.357 \begin{equation}
                      pdfTeX warning (ext4): destination with the same identifi
er (name{equation.2.4.2}) has been already used, duplicate ignored
<to be read again> 
                   \relax 
l.357 \begin{equation}
                      pdfTeX warning (ext4): destination with the same identifi
er (name{equation.2.4.2}) has been already used, duplicate ignored
<to be read again> 
                   \relax 
l.357 \begin{equation}
                      pdfTeX warning (ext4): destination with the same identifi
er (name{equation.2.4.2}) has been already used, duplicate ignored
<to be read again> 
                   \relax 
l.357 \begin{equation}
                      pdfTeX warning (ext4): destination with the same identifi
er (name{equation.2.4.2}) has been already used, duplicate ignored
<to be read again> 
                   \relax 
l.363 \begin{equation}
                      pdfTeX warning (ext4): destination with the same identifi
er (name{equation.2.4.2}) has been already used, duplicate ignored
<to be read again> 
                   \relax 
l.363 \begin{equation}
                      pdfTeX warning (ext4): destination with the same identifi
er (name{equation.2.4.2}) has been already used, duplicate ignored
<to be read again> 
                   \relax 
l.363 \begin{equation}
                      pdfTeX warning (ext4): destination with the same identifi
er (name{equation.2.4.2}) has been already used, duplicate ignored
<to be read again> 
                   \relax 
l.363 \begin{equation}
                       [20] [21] [22pdfTeX warning (ext4): destination with the
 same identifier (name{equation.2.5.4}) has been already used, duplicate ignore
d
<argument> ...shipout:D \box_use:N \l_shipout_box 
                                                  \__shipout_drop_firstpage_...
l.458 	\item $
              S_B$ es la matriz de dispersi√≥n interclase ($d \times d$);pdfTeX
 warning (ext4): destination with the same identifier (name{equation.2.5.4}) ha
s been already used, duplicate ignored
<argument> ...shipout:D \box_use:N \l_shipout_box 
                                                  \__shipout_drop_firstpage_...
l.458 	\item $
              S_B$ es la matriz de dispersi√≥n interclase ($d \times d$);pdfTeX
 warning (ext4): destination with the same identifier (name{equation.2.5.4}) ha
s been already used, duplicate ignored
<argument> ...shipout:D \box_use:N \l_shipout_box 
                                                  \__shipout_drop_firstpage_...
l.458 	\item $
              S_B$ es la matriz de dispersi√≥n interclase ($d \times d$);]pdfTe
X warning (ext4): destination with the same identifier (name{equation.2.5.4}) h
as been already used, duplicate ignored
<to be read again> 
                   \relax 
l.478 \begin{equation}
                      pdfTeX warning (ext4): destination with the same identifi
er (name{equation.2.5.4}) has been already used, duplicate ignored
<to be read again> 
                   \relax 
l.478 \begin{equation}
                      pdfTeX warning (ext4): destination with the same identifi
er (name{equation.2.5.4}) has been already used, duplicate ignored
<to be read again> 
                   \relax 
l.478 \begin{equation}
                      pdfTeX warning (ext4): destination with the same identifi
er (name{equation.2.5.4}) has been already used, duplicate ignored
<to be read again> 
                   \relax 
l.478 \begin{equation}
                       [23]pdfTeX warning (ext4): destination with the same ide
ntifier (name{equation.2.5.4}) has been already used, duplicate ignored
<to be read again> 
                   \relax 
l.489 \begin{equation}
                      pdfTeX warning (ext4): destination with the same identifi
er (name{equation.2.5.4}) has been already used, duplicate ignored
<to be read again> 
                   \relax 
l.489 \begin{equation}
                      pdfTeX warning (ext4): destination with the same identifi
er (name{equation.2.5.4}) has been already used, duplicate ignored
<to be read again> 
                   \relax 
l.489 \begin{equation}
                      pdfTeX warning (ext4): destination with the same identifi
er (name{equation.2.5.4}) has been already used, duplicate ignored
<to be read again> 
                   \relax 
l.489 \begin{equation}
                      pdfTeX warning (ext4): destination with the same identifi
er (name{equation.2.5.4}) has been already used, duplicate ignored
<to be read again> 
                   \relax 
l.498 \begin{equation}
                      pdfTeX warning (ext4): destination with the same identifi
er (name{equation.2.5.4}) has been already used, duplicate ignored
<to be read again> 
                   \relax 
l.498 \begin{equation}
                      pdfTeX warning (ext4): destination with the same identifi
er (name{equation.2.5.4}) has been already used, duplicate ignored
<to be read again> 
                   \relax 
l.498 \begin{equation}
                      pdfTeX warning (ext4): destination with the same identifi
er (name{equation.2.5.4}) has been already used, duplicate ignored
<to be read again> 
                   \relax 
l.498 \begin{equation}
                       [24]pdfTeX warning (ext4): destination with the same ide
ntifier (name{equation.2.5.4}) has been already used, duplicate ignored
<to be read again> 
                   \relax 
l.531 \begin{equation}
                      pdfTeX warning (ext4): destination with the same identifi
er (name{equation.2.5.4}) has been already used, duplicate ignored
<to be read again> 
                   \relax 
l.531 \begin{equation}
                      pdfTeX warning (ext4): destination with the same identifi
er (name{equation.2.5.4}) has been already used, duplicate ignored
<to be read again> 
                   \relax 
l.531 \begin{equation}
                      pdfTeX warning (ext4): destination with the same identifi
er (name{equation.2.5.4}) has been already used, duplicate ignored
<to be read again> 
                   \relax 
l.531 \begin{equation}
                       [25]
<Imagenes/rf_architecture.jpg, id=996, 999.735pt x 536.75531pt>
File: Imagenes/rf_architecture.jpg Graphic file (type jpg)
<use Imagenes/rf_architecture.jpg>
Package pdftex.def Info: Imagenes/rf_architecture.jpg  used on input line 573.
(pdftex.def)             Requested size: 457.80486pt x 245.79655pt.
LaTeX Font Info:    Font shape `OT1/ptm/bx/n' in size <10.95> not available
(Font)              Font shape `OT1/ptm/b/n' tried instead on input line 574.
LaTeX Font Info:    Font shape `OT1/ptm/bx/n' in size <8> not available
(Font)              Font shape `OT1/ptm/b/n' tried instead on input line 574.
LaTeX Font Info:    Font shape `OT1/ptm/bx/n' in size <6> not available
(Font)              Font shape `OT1/ptm/b/n' tried instead on input line 574.


LaTeX Warning: `!h' float specifier changed to `!ht'.

[26] [27 <./Imagenes/rf_architecture.jpg>] [28]) [29]
\openout2 = `Capitulo3.aux'.

 (./Capitulo3.tex
Cap\'{\i }tulo 3.
[30




] [31] [32]
<Imagenes/gc0308.png, id=1041, 525.965pt x 402.50375pt>
File: Imagenes/gc0308.png Graphic file (type png)
<use Imagenes/gc0308.png>
Package pdftex.def Info: Imagenes/gc0308.png  used on input line 106.
(pdftex.def)             Requested size: 274.6857pt x 210.21826pt.
<Imagenes/camara_montada.jpg, id=1042, 1284.8pt x 967.615pt>
File: Imagenes/camara_montada.jpg Graphic file (type jpg)
<use Imagenes/camara_montada.jpg>
Package pdftex.def Info: Imagenes/camara_montada.jpg  used on input line 114.
(pdftex.def)             Requested size: 320.46199pt x 241.3421pt.
 [33 <./Imagenes/gc0308.png>] [34 <./Imagenes/camara_montada.jpg>] [35]
<Imagenes/luxometro.png, id=1066, 328.22626pt x 325.96782pt>
File: Imagenes/luxometro.png Graphic file (type png)
<use Imagenes/luxometro.png>
Package pdftex.def Info: Imagenes/luxometro.png  used on input line 173.
(pdftex.def)             Requested size: 228.90242pt x 227.33035pt.
 [36 <./Imagenes/luxometro.png>]
LaTeX Font Info:    Trying to load font information for T1+pcr on input line 20
5.

(/usr/share/texlive/texmf-dist/tex/latex/psnfss/t1pcr.fd
File: t1pcr.fd 2001/06/04 font definitions for T1/pcr.
)
Package microtype Info: Loading generic protrusion settings for font family
(microtype)             `pcr' (encoding: T1).
(microtype)             For optimal results, create family-specific settings.
(microtype)             See the microtype manual for details.
 [37] [38]
<Imagenes/flow.png, id=1090, 1289.81876pt x 4486.7625pt>
File: Imagenes/flow.png Graphic file (type png)
<use Imagenes/flow.png>
Package pdftex.def Info: Imagenes/flow.png  used on input line 267.
(pdftex.def)             Requested size: 163.56898pt x 568.99097pt.
 [39]
Overfull \hbox (1.73616pt too wide) in paragraph at lines 291--291
\T1/pcr/m/n/12 eye_tracker_utils.py| 
 []


Underfull \hbox (badness 10000) in paragraph at lines 291--291
[]|\T1/ptm/m/n/12 (+20) Archivos
 []


Underfull \hbox (badness 10000) in paragraph at lines 291--291
\T1/pcr/m/n/12 _data.csv \T1/ptm/m/n/12 (+20) con
 []


Underfull \hbox (badness 10000) in paragraph at lines 291--291
[]|\T1/ptm/m/it/12 (+20) Dataset
 []


Underfull \hbox (badness 10000) in paragraph at lines 291--291
\T1/pcr/m/n/12 BIOMETRIC.csv
 []


Overfull \hbox (1.73616pt too wide) in paragraph at lines 291--291
[]|\T1/pcr/m/n/12 Analizar_Metricas.py| 
 []


Underfull \hbox (badness 2302) in paragraph at lines 291--291
[]|\T1/ptm/m/n/12 (+20) Gr·ficos de Ra-dar,
 []

[40 <./Imagenes/flow.png>] [41]
<Imagenes/voluntarios.png, id=1108, 607.51968pt x 300.3722pt>
File: Imagenes/voluntarios.png Graphic file (type png)
<use Imagenes/voluntarios.png>
Package pdftex.def Info: Imagenes/voluntarios.png  used on input line 336.
(pdftex.def)             Requested size: 412.02156pt x 203.7187pt.
LaTeX Font Info:    Font shape `OT1/ptm/bx/n' in size <10> not available
(Font)              Font shape `OT1/ptm/b/n' tried instead on input line 374.
LaTeX Font Info:    Font shape `OT1/ptm/bx/n' in size <7.4> not available
(Font)              Font shape `OT1/ptm/b/n' tried instead on input line 374.
 [42 <./Imagenes/voluntarios.png>] [43]
<Imagenes/experimento.png, id=1119, 709.90219pt x 398.99063pt>
File: Imagenes/experimento.png Graphic file (type png)
<use Imagenes/experimento.png>
Package pdftex.def Info: Imagenes/experimento.png  used on input line 400.
(pdftex.def)             Requested size: 320.46199pt x 180.1164pt.
 [44 <./Imagenes/experimento.png>] [45]
File: Imagenes/experimento.png Graphic file (type png)
<use Imagenes/experimento.png>
Package pdftex.def Info: Imagenes/experimento.png  used on input line 448.
(pdftex.def)             Requested size: 320.46199pt x 180.1164pt.
 [46] [47] [48] [49]
<Imagenes/Loss.png, id=1165, 548.5293pt x 399.6531pt>
File: Imagenes/Loss.png Graphic file (type png)
<use Imagenes/Loss.png>
Package pdftex.def Info: Imagenes/Loss.png  used on input line 572.
(pdftex.def)             Requested size: 343.35364pt x 250.17285pt.
<Imagenes/MaP.png, id=1166, 535.5207pt x 403.9893pt>
File: Imagenes/MaP.png Graphic file (type png)
<use Imagenes/MaP.png>
Package pdftex.def Info: Imagenes/MaP.png  used on input line 579.
(pdftex.def)             Requested size: 343.35364pt x 259.02692pt.
 [50 <./Imagenes/Loss.png>]
[51 <./Imagenes/MaP.png>]
Package hyperref Info: bookmark level for unknown algorithm defaults to 0 on in
put line 634.
 [52]
<Imagenes/preprocesamiento.png, id=1191, 823.57687pt x 352.31625pt>
File: Imagenes/preprocesamiento.png Graphic file (type png)
<use Imagenes/preprocesamiento.png>
Package pdftex.def Info: Imagenes/preprocesamiento.png  used on input line 670.

(pdftex.def)             Requested size: 457.80486pt x 195.84425pt.
 [53] [54 <./Imagenes/preprocesamiento.png>]
<Imagenes/Calculo_centro_2D.png, id=1205, 1156.32pt x 922.44624pt>
File: Imagenes/Calculo_centro_2D.png Graphic file (type png)
<use Imagenes/Calculo_centro_2D.png>
Package pdftex.def Info: Imagenes/Calculo_centro_2D.png  used on input line 710
.
(pdftex.def)             Requested size: 215.16884pt x 171.64923pt.
<Imagenes/Calculo_centro_3D.png, id=1206, 1092.08pt x 995.72pt>
File: Imagenes/Calculo_centro_3D.png Graphic file (type png)
<use Imagenes/Calculo_centro_3D.png>
Package pdftex.def Info: Imagenes/Calculo_centro_3D.png  used on input line 716
.
(pdftex.def)             Requested size: 215.16884pt x 196.17775pt.

[55 <./Imagenes/Calculo_centro_2D.png> <./Imagenes/Calculo_centro_3D.png>]
<Imagenes/calculo_vector_mirada.png, id=1216, 1072.75781pt x 258.9675pt>
File: Imagenes/calculo_vector_mirada.png Graphic file (type png)
<use Imagenes/calculo_vector_mirada.png>
Package pdftex.def Info: Imagenes/calculo_vector_mirada.png  used on input line
 753.
(pdftex.def)             Requested size: 412.02156pt x 99.46371pt.

[56 <./Imagenes/calculo_vector_mirada.png>]
<Imagenes/correlacion.png, id=1224, 604.50844pt x 247.67531pt>
File: Imagenes/correlacion.png Graphic file (type png)
<use Imagenes/correlacion.png>
Package pdftex.def Info: Imagenes/correlacion.png  used on input line 781.
(pdftex.def)             Requested size: 412.02156pt x 168.81001pt.
 [57 <./Imagenes/correlacion.png>]
[58] [59pdfTeX warning (ext4): destination with the same identifier (name{equat
ion.3.5.12}) has been already used, duplicate ignored
<argument> ...shipout:D \box_use:N \l_shipout_box 
                                                  \__shipout_drop_firstpage_...
l.865 
      pdfTeX warning (ext4): destination with the same identifier (name{equatio
n.3.5.12}) has been already used, duplicate ignored
<argument> ...shipout:D \box_use:N \l_shipout_box 
                                                  \__shipout_drop_firstpage_...
l.865 
      pdfTeX warning (ext4): destination with the same identifier (name{equatio
n.3.5.12}) has been already used, duplicate ignored
<argument> ...shipout:D \box_use:N \l_shipout_box 
                                                  \__shipout_drop_firstpage_...
l.865 
      pdfTeX warning (ext4): destination with the same identifier (name{equatio
n.3.5.12}) has been already used, duplicate ignored
<argument> ...shipout:D \box_use:N \l_shipout_box 
                                                  \__shipout_drop_firstpage_...
l.865 
      ]pdfTeX warning (ext4): destination with the same identifier (name{equati
on.3.5.12}) has been already used, duplicate ignored
<to be read again> 
                   \relax 
l.869 \begin{equation}
                      pdfTeX warning (ext4): destination with the same identifi
er (name{equation.3.5.12}) has been already used, duplicate ignored
<to be read again> 
                   \relax 
l.869 \begin{equation}
                      pdfTeX warning (ext4): destination with the same identifi
er (name{equation.3.5.12}) has been already used, duplicate ignored
<to be read again> 
                   \relax 
l.869 \begin{equation}
                      pdfTeX warning (ext4): destination with the same identifi
er (name{equation.3.5.12}) has been already used, duplicate ignored
<to be read again> 
                   \relax 
l.869 \begin{equation}
                       [60] [61]
Overfull \hbox (18.53867pt too wide) in paragraph at lines 934--935
[]\T1/ptm/m/n/12 (-20) Esta ca-rac-te-ri-za-ciÛn se com-ple-men-ta con la mÈ-tr
i-ca \T1/pcr/m/n/12 Velocity_Transition_Smoothness\T1/ptm/m/n/12 (-20) ,
 []

[62pdfTeX warning (ext4): destination with the same identifier (name{equation.3
.5.15}) has been already used, duplicate ignored
<argument> ...shipout:D \box_use:N \l_shipout_box 
                                                  \__shipout_drop_firstpage_...
l.935 
      pdfTeX warning (ext4): destination with the same identifier (name{equatio
n.3.5.15}) has been already used, duplicate ignored
<argument> ...shipout:D \box_use:N \l_shipout_box 
                                                  \__shipout_drop_firstpage_...
l.935 
      ]pdfTeX warning (ext4): destination with the same identifier (name{equati
on.3.5.15}) has been already used, duplicate ignored
<to be read again> 
                   \relax 
l.943 \begin{equation}
                      pdfTeX warning (ext4): destination with the same identifi
er (name{equation.3.5.15}) has been already used, duplicate ignored
<to be read again> 
                   \relax 
l.943 \begin{equation}
                      pdfTeX warning (ext4): destination with the same identifi
er (name{equation.3.5.15}) has been already used, duplicate ignored
<to be read again> 
                   \relax 
l.943 \begin{equation}
                      pdfTeX warning (ext4): destination with the same identifi
er (name{equation.3.5.15}) has been already used, duplicate ignored
<to be read again> 
                   \relax 
l.943 \begin{equation}
                       [63]pdfTeX warning (ext4): destination with the same ide
ntifier (name{equation.3.5.15}) has been already used, duplicate ignored
<to be read again> 
                   \relax 
l.975 \begin{equation}
                      pdfTeX warning (ext4): destination with the same identifi
er (name{equation.3.5.15}) has been already used, duplicate ignored
<to be read again> 
                   \relax 
l.975 \begin{equation}
                      pdfTeX warning (ext4): destination with the same identifi
er (name{equation.3.5.15}) has been already used, duplicate ignored
<to be read again> 
                   \relax 
l.975 \begin{equation}
                      pdfTeX warning (ext4): destination with the same identifi
er (name{equation.3.5.15}) has been already used, duplicate ignored
<to be read again> 
                   \relax 
l.975 \begin{equation}
                       [64]) [65]
\openout2 = `Capitulo4.aux'.

 (./Capitulo4.tex
Cap\'{\i }tulo 4.
[66




]
<Imagenes/senal_filtrada.png, id=1326, 1337.99875pt x 1606.0pt>
File: Imagenes/senal_filtrada.png Graphic file (type png)
<use Imagenes/senal_filtrada.png>
Package pdftex.def Info: Imagenes/senal_filtrada.png  used on input line 71.
(pdftex.def)             Requested size: 457.80486pt x 549.51257pt.
 [67] [68 <./Imagenes/senal_filtrada.png>]
<Imagenes/eventos.png, id=1339, 1156.32pt x 578.16pt>
File: Imagenes/eventos.png Graphic file (type png)
<use Imagenes/eventos.png>
Package pdftex.def Info: Imagenes/eventos.png  used on input line 110.
(pdftex.def)             Requested size: 434.91321pt x 217.45346pt.
 [69 <./Imagenes/eventos.png>]
[70]
<Imagenes/erar_original_mejorado.png, id=1353, 685.05937pt x 167.87718pt>
File: Imagenes/erar_original_mejorado.png Graphic file (type png)
<use Imagenes/erar_original_mejorado.png>
Package pdftex.def Info: Imagenes/erar_original_mejorado.png  used on input lin
e 187.
(pdftex.def)             Requested size: 434.91321pt x 106.58032pt.
<Imagenes/secuencia_principal.jpg, id=1356, 1284.8pt x 851.18pt>
File: Imagenes/secuencia_principal.jpg Graphic file (type jpg)
<use Imagenes/secuencia_principal.jpg>
Package pdftex.def Info: Imagenes/secuencia_principal.jpg  used on input line 2
07.
(pdftex.def)             Requested size: 389.13692pt x 257.7977pt.
 [71 <./Imagenes/erar_original_mejorado.png>]

LaTeX Warning: `!h' float specifier changed to `!ht'.


LaTeX Warning: `!h' float specifier changed to `!ht'.

[72 <./Imagenes/secuencia_principal.jpg>] [73] [74]
<Imagenes/vel_jerk.png, id=1407, 1606.0pt x 963.6pt>
File: Imagenes/vel_jerk.png Graphic file (type png)
<use Imagenes/vel_jerk.png>
Package pdftex.def Info: Imagenes/vel_jerk.png  used on input line 345.
(pdftex.def)             Requested size: 412.02156pt x 247.20714pt.


LaTeX Warning: `!h' float specifier changed to `!ht'.

[75] [76 <./Imagenes/vel_jerk.png>]
<Imagenes/Importancia_Discriminativa.png, id=1422, 1003.5894pt x 643.203pt>
File: Imagenes/Importancia_Discriminativa.png Graphic file (type png)
<use Imagenes/Importancia_Discriminativa.png>
Package pdftex.def Info: Imagenes/Importancia_Discriminativa.png  used on input
 line 405.
(pdftex.def)             Requested size: 412.02156pt x 264.06825pt.


LaTeX Warning: `!h' float specifier changed to `!ht'.

[77]
Underfull \hbox (badness 10000) in paragraph at lines 503--503
[]|\T1/pcr/m/n/12 Pupil_Mean\T1/ptm/m/n/12 (+20) ,
 []


Underfull \hbox (badness 10000) in paragraph at lines 510--510
[]|\T1/pcr/m/n/12 Jerk_Max\T1/ptm/m/n/12 (+20) ,
 []

[78 <./Imagenes/Importancia_Discriminativa.png>] [79]
<Imagenes/radares_comparativos.png, id=1464, 1887.6924pt x 550.2156pt>
File: Imagenes/radares_comparativos.png Graphic file (type png)
<use Imagenes/radares_comparativos.png>
Package pdftex.def Info: Imagenes/radares_comparativos.png  used on input line 
582.
(pdftex.def)             Requested size: 457.80486pt x 133.43132pt.
 [80 <./Imagenes/radares_comparativos.png>]
<Imagenes/2d.png, id=1470, 778.91pt x 499.8675pt>
File: Imagenes/2d.png Graphic file (type png)
<use Imagenes/2d.png>
Package pdftex.def Info: Imagenes/2d.png  used on input line 606.
(pdftex.def)             Requested size: 389.13692pt x 249.72719pt.
<Imagenes/3d.png, id=1471, 774.895pt x 501.875pt>
File: Imagenes/3d.png Graphic file (type png)
<use Imagenes/3d.png>
Package pdftex.def Info: Imagenes/3d.png  used on input line 613.
(pdftex.def)             Requested size: 389.13692pt x 252.03197pt.
 [81 <./Imagenes/2d.png>] [82 <./Imagenes/3d.png>]
<Imagenes/varianza2.png, id=1486, 968.61874pt x 509.905pt>
File: Imagenes/varianza2.png Graphic file (type png)
<use Imagenes/varianza2.png>
Package pdftex.def Info: Imagenes/varianza2.png  used on input line 640.
(pdftex.def)             Requested size: 366.24527pt x 192.80112pt.
<Imagenes/pca_2d.png, id=1487, 470.50781pt x 300.3722pt>
File: Imagenes/pca_2d.png Graphic file (type png)
<use Imagenes/pca_2d.png>
Package pdftex.def Info: Imagenes/pca_2d.png  used on input line 650.
(pdftex.def)             Requested size: 457.80486pt x 292.26357pt.
 [83 <./Imagenes/varianza2.png>]
<Imagenes/pca_3d.png, id=1493, 1194.71344pt x 1029.8475pt>
File: Imagenes/pca_3d.png Graphic file (type png)
<use Imagenes/pca_3d.png>
Package pdftex.def Info: Imagenes/pca_3d.png  used on input line 657.
(pdftex.def)             Requested size: 412.02156pt x 355.15634pt.
 [84 <./Imagenes/pca_2d.png>]
<Imagenes/tSNE.png, id=1501, 493.845pt x 476.78125pt>
File: Imagenes/tSNE.png Graphic file (type png)
<use Imagenes/tSNE.png>
Package pdftex.def Info: Imagenes/tSNE.png  used on input line 673.
(pdftex.def)             Requested size: 389.13692pt x 375.68547pt.
 [85 <./Imagenes/pca_3d.png>]
<Imagenes/UMAP.png, id=1508, 473.77pt x 462.72874pt>
File: Imagenes/UMAP.png Graphic file (type png)
<use Imagenes/UMAP.png>
Package pdftex.def Info: Imagenes/UMAP.png  used on input line 680.
(pdftex.def)             Requested size: 389.13692pt x 380.08255pt.

[86 <./Imagenes/tSNE.png>]
Overfull \hbox (2.6949pt too wide) in paragraph at lines 698--706
 [][] 
 []

[87 <./Imagenes/UMAP.png>] [88]

LaTeX Warning: `!h' float specifier changed to `!ht'.

[89]

LaTeX Warning: `!h' float specifier changed to `!ht'.

[90]
<Imagenes/matriz_5_sujetos.png, id=1551, 787.743pt x 715.2321pt>
File: Imagenes/matriz_5_sujetos.png Graphic file (type png)
<use Imagenes/matriz_5_sujetos.png>
Package pdftex.def Info: Imagenes/matriz_5_sujetos.png  used on input line 861.

(pdftex.def)             Requested size: 457.80486pt x 415.67526pt.
 [91]
<Imagenes/matriz_10_sujetos.png, id=1557, 788.2248pt x 715.2321pt>
File: Imagenes/matriz_10_sujetos.png Graphic file (type png)
<use Imagenes/matriz_10_sujetos.png>
Package pdftex.def Info: Imagenes/matriz_10_sujetos.png  used on input line 869
.
(pdftex.def)             Requested size: 457.80486pt x 415.40242pt.
 [92 <./Imagenes/matriz_5_sujetos.png>]
<Imagenes/matriz.png, id=1563, 788.2248pt x 715.2321pt>
File: Imagenes/matriz.png Graphic file (type png)
<use Imagenes/matriz.png>
Package pdftex.def Info: Imagenes/matriz.png  used on input line 877.
(pdftex.def)             Requested size: 457.80486pt x 415.40242pt.
 [93 <./Imagenes/matriz_10_sujetos.png>] [94 <./Imagenes/matriz.png>]
<Imagenes/correccion_homografica.png, id=1575, 514.92375pt x 416.30531pt>
File: Imagenes/correccion_homografica.png Graphic file (type png)
<use Imagenes/correccion_homografica.png>
Package pdftex.def Info: Imagenes/correccion_homografica.png  used on input lin
e 908.
(pdftex.def)             Requested size: 389.13692pt x 314.61667pt.


LaTeX Warning: `!h' float specifier changed to `!ht'.

[95] [96 <./Imagenes/correccion_homografica.png>]
<Imagenes/hm.png, id=1590, 925.7787pt x 534.798pt>
File: Imagenes/hm.png Graphic file (type png)
<use Imagenes/hm.png>
Package pdftex.def Info: Imagenes/hm.png  used on input line 949.
(pdftex.def)             Requested size: 389.13692pt x 224.79315pt.
 [97 <./Imagenes/hm.png>]
<Imagenes/hm_5_puntos.png, id=1599, 1084.05pt x 650.43pt>
File: Imagenes/hm_5_puntos.png Graphic file (type png)
<use Imagenes/hm_5_puntos.png>
Package pdftex.def Info: Imagenes/hm_5_puntos.png  used on input line 995.
(pdftex.def)             Requested size: 389.13692pt x 233.47974pt.


LaTeX Warning: `!h' float specifier changed to `!ht'.

<Imagenes/mapeo_espiral.png, id=1603, 886.81313pt x 504.38437pt>
File: Imagenes/mapeo_espiral.png Graphic file (type png)
<use Imagenes/mapeo_espiral.png>
Package pdftex.def Info: Imagenes/mapeo_espiral.png  used on input line 1055.
(pdftex.def)             Requested size: 389.13692pt x 221.3295pt.
[98]

LaTeX Warning: `!h' float specifier changed to `!ht'.

[99 <./Imagenes/hm_5_puntos.png>]

LaTeX Warning: `!h' float specifier changed to `!ht'.

[100 <./Imagenes/mapeo_espiral.png>]
<Imagenes/COMPARATIVA_FINAL_MATRICES.png, id=1629, 1598.3715pt x 668.9793pt>
File: Imagenes/COMPARATIVA_FINAL_MATRICES.png Graphic file (type png)
<use Imagenes/COMPARATIVA_FINAL_MATRICES.png>
Package pdftex.def Info: Imagenes/COMPARATIVA_FINAL_MATRICES.png  used on input
 line 1180.
(pdftex.def)             Requested size: 457.80486pt x 191.6104pt.
 [101] [102 <./Imagenes/COMPARATIVA_FINAL_MATRICES.png>] [103]
Overfull \hbox (1.10764pt too wide) in paragraph at lines 1378--1385
[]\T1/pcr/m/n/12 Jerk_Max\T1/ptm/m/n/12 (-20) : $\OML/ztmcm/m/it/12 ^^U \OT1/zt
mcm/m/n/12 = \OMS/ztmcm/m/n/12 ^^@\OT1/ztmcm/m/n/12 2\OML/ztmcm/m/it/12 :\OT1/z
tmcm/m/n/12 362$\T1/ptm/m/n/12 (-20) , $\OML/ztmcm/m/it/12 d \OT1/ztmcm/m/n/12 
= \OMS/ztmcm/m/n/12 ^^@\OT1/ztmcm/m/n/12 0\OML/ztmcm/m/it/12 :\OT1/ztmcm/m/n/12
 513$ \T1/ptm/m/n/12 (-20) (me-diano) ^^V el \T1/ptm/m/it/12 (-20) Jerk \T1/ptm
/m/n/12 (-20) m·-xi-mo au-men-ta un $\OT1/ztmcm/m/n/12 +11\OML/ztmcm/m/it/12 :\
OT1/ztmcm/m/n/12 18 %[]$\T1/ptm/m/n/12 (-20) ,
 []

[104]) [105]
\openout2 = `Capitulo5.aux'.

 (./Capitulo5.tex
Cap\'{\i }tulo 5.
[106




] [107] [108] [109] [110] [111] [112] [113] [114] [115]) [116] [117




]
[118]

Package biblatex Warning: No driver for entry type 'standard'.
(biblatex)                Using fallback driver on input line 217.

[119]

Package biblatex Warning: No driver for entry type 'standard'.
(biblatex)                Using fallback driver on input line 217.

[120]
\openout2 = `formulas.aux'.

 (./formulas.tex [121


] [122]
Overfull \hbox (49.05228pt too wide) in paragraph at lines 90--91
[]\T1/ptm/m/n/12 (-20) Algoritmo pa-ra cuan-ti-fi-car la com-ple-ji-dad y auto-
similaridad de una se-rie tem-po-ral $\OML/ztmcm/m/it/12 X\OT1/ztmcm/m/n/12 (1)
\OML/ztmcm/m/it/12 ; X\OT1/ztmcm/m/n/12 (2)\OML/ztmcm/m/it/12 ; [] ; X\OT1/ztmc
m/m/n/12 (\OML/ztmcm/m/it/12 N\OT1/ztmcm/m/n/12 )$\T1/ptm/m/n/12 (-20) : 
 []

[123] [124]) [125]
\openout2 = `glosario.aux'.

 (./glosario.tex
Overfull \hbox (1.61557pt too wide) in paragraph at lines 35--36
[]\T1/ptm/m/n/12 (-20) Algoritmo de me-jo-ra de con-
 []

[126




] [127] [128] [129] [130] [131] [132] [133] [134]) [135] (./Main.aux
(./portada.aux)
LaTeX Info: Redefining \sptext on input line 27.
LaTeX Info: Redefining \. on input line 27.
LaTeX Info: Redefining \% on input line 27.
 (./dedicatoria.aux) (./agradecimientos.aux) (./resumen.aux)
(./introduccion.aux) (./Capitulo1.aux) (./Capitulo2.aux) (./Capitulo3.aux)
(./Capitulo4.aux) (./Capitulo5.aux) (./formulas.aux) (./glosario.aux))

LaTeX Warning: There were undefined references.

Package rerunfilecheck Info: File `Main.out' has not changed.
(rerunfilecheck)             Checksum: 59ED75D750ED88C3B8501545C232D2DD;28243.

Package biblatex Warning: Please (re)run Biber on the file:
(biblatex)                Main
(biblatex)                and rerun LaTeX afterwards.

Package logreq Info: Writing requests to 'Main.run.xml'.
\openout1 = `Main.run.xml'.

 ) 
Here is how much of TeX's memory you used:
 43594 strings out of 478287
 854645 string characters out of 5849289
 1555129 words of memory out of 5000000
 59729 multiletter control sequences out of 15000+600000
 612243 words of font info for 655 fonts, out of 8000000 for 9000
 1141 hyphenation exceptions out of 8191
 84i,13n,83p,1417b,2671s stack positions out of 5000i,500n,10000p,200000b,80000s
{/usr/share/texlive/texmf-dist/fonts/enc/dvips/base/8r.enc}</usr/share/texliv
e/texmf-dist/fonts/type1/public/amsfonts/cm/cmex10.pfb></usr/share/texlive/texm
f-dist/fonts/type1/public/amsfonts/cm/cmmi10.pfb></usr/share/texlive/texmf-dist
/fonts/type1/public/amsfonts/cm/cmr10.pfb></usr/share/texlive/texmf-dist/fonts/
type1/public/amsfonts/cm/cmsy10.pfb></usr/share/texlive/texmf-dist/fonts/type1/
public/amsfonts/symbols/msbm10.pfb></usr/share/texlive/texmf-dist/fonts/type1/p
ublic/rsfs/rsfs10.pfb></usr/share/texlive/texmf-dist/fonts/type1/urw/courier/uc
rb8a.pfb></usr/share/texlive/texmf-dist/fonts/type1/urw/courier/ucrr8a.pfb></us
r/share/texlive/texmf-dist/fonts/type1/urw/symbol/usyr.pfb></usr/share/texlive/
texmf-dist/fonts/type1/urw/symbol/usyr.pfb></usr/share/texlive/texmf-dist/fonts
/type1/urw/times/utmb8a.pfb></usr/share/texlive/texmf-dist/fonts/type1/urw/time
s/utmbi8a.pfb></usr/share/texlive/texmf-dist/fonts/type1/urw/times/utmr8a.pfb><
/usr/share/texlive/texmf-dist/fonts/type1/urw/times/utmri8a.pfb>
Output written on Main.pdf (147 pages, 16764233 bytes).
PDF statistics:
 2080 PDF objects out of 2487 (max. 8388607)
 1795 compressed objects within 18 object streams
 514 named destinations out of 1000 (max. 500000)
 127693 words of extra memory for PDF output out of 128383 (max. 10000000)

